{"Time":"2026-10-10T00:18:29.783922-04:00","Action":"start","Package":"fairdrop/internal/stream"}
{"Time":"2026-10-10T00:18:30.016533-04:00","Action":"run","Package":"fairdrop/internal/stream","Test":"TestCollectionDirectoryPinsCloseExactlyOnceOnEveryExit"}
{"Time":"2026-10-10T00:18:30.0166-04:00","Action":"output","Package":"fairdrop/internal/stream","Test":"TestCollectionDirectoryPinsCloseExactlyOnceOnEveryExit","Output":"=== RUN   TestCollectionDirectoryPinsCloseExactlyOnceOnEveryExit\n","OutputType":"frame"}
{"Time":"2026-10-10T00:18:30.016633-04:00","Action":"run","Package":"fairdrop/internal/stream","Test":"TestCollectionDirectoryPinsCloseExactlyOnceOnEveryExit/success"}
{"Time":"2026-10-10T00:18:30.016636-04:00","Action":"output","Package":"fairdrop/internal/stream","Test":"TestCollectionDirectoryPinsCloseExactlyOnceOnEveryExit/success","Output":"=== RUN   TestCollectionDirectoryPinsCloseExactlyOnceOnEveryExit/success\n","OutputType":"frame"}
{"Time":"2026-10-10T00:18:30.019442-04:00","Action":"output","Package":"fairdrop/internal/stream","Test":"TestCollectionDirectoryPinsCloseExactlyOnceOnEveryExit/success","Output":"--- PASS: TestCollectionDirectoryPinsCloseExactlyOnceOnEveryExit/success (0.00s)\n","OutputType":"frame"}
{"Time":"2026-10-10T00:18:30.019448-04:00","Action":"pass","Package":"fairdrop/internal/stream","Test":"TestCollectionDirectoryPinsCloseExactlyOnceOnEveryExit/success","Elapsed":0}
{"Time":"2026-10-10T00:18:30.019479-04:00","Action":"run","Package":"fairdrop/internal/stream","Test":"TestCollectionDirectoryPinsCloseExactlyOnceOnEveryExit/close_before_write"}
{"Time":"2026-10-10T00:18:30.019485-04:00","Action":"output","Package":"fairdrop/internal/stream","Test":"TestCollectionDirectoryPinsCloseExactlyOnceOnEveryExit/close_before_write","Output":"=== RUN   TestCollectionDirectoryPinsCloseExactlyOnceOnEveryExit/close_before_write\n","OutputType":"frame"}
{"Time":"2026-10-10T00:18:30.021195-04:00","Action":"output","Package":"fairdrop/internal/stream","Test":"TestCollectionDirectoryPinsCloseExactlyOnceOnEveryExit/close_before_write","Output":"--- PASS: TestCollectionDirectoryPinsCloseExactlyOnceOnEveryExit/close_before_write (0.00s)\n","OutputType":"frame"}
{"Time":"2026-10-10T00:18:30.021201-04:00","Action":"pass","Package":"fairdrop/internal/stream","Test":"TestCollectionDirectoryPinsCloseExactlyOnceOnEveryExit/close_before_write","Elapsed":0}
{"Time":"2026-10-10T00:18:30.021202-04:00","Action":"run","Package":"fairdrop/internal/stream","Test":"TestCollectionDirectoryPinsCloseExactlyOnceOnEveryExit/cancelled_write"}
{"Time":"2026-10-10T00:18:30.021204-04:00","Action":"output","Package":"fairdrop/internal/stream","Test":"TestCollectionDirectoryPinsCloseExactlyOnceOnEveryExit/cancelled_write","Output":"=== RUN   TestCollectionDirectoryPinsCloseExactlyOnceOnEveryExit/cancelled_write\n","OutputType":"frame"}
{"Time":"2026-10-10T00:18:30.022978-04:00","Action":"output","Package":"fairdrop/internal/stream","Test":"TestCollectionDirectoryPinsCloseExactlyOnceOnEveryExit/cancelled_write","Output":"--- PASS: TestCollectionDirectoryPinsCloseExactlyOnceOnEveryExit/cancelled_write (0.00s)\n","OutputType":"frame"}
{"Time":"2026-10-10T00:18:30.022983-04:00","Action":"pass","Package":"fairdrop/internal/stream","Test":"TestCollectionDirectoryPinsCloseExactlyOnceOnEveryExit/cancelled_write","Elapsed":0}
{"Time":"2026-10-10T00:18:30.02299-04:00","Action":"run","Package":"fairdrop/internal/stream","Test":"TestCollectionDirectoryPinsCloseExactlyOnceOnEveryExit/prepare_failure"}
{"Time":"2026-10-10T00:18:30.022993-04:00","Action":"output","Package":"fairdrop/internal/stream","Test":"TestCollectionDirectoryPinsCloseExactlyOnceOnEveryExit/prepare_failure","Output":"=== RUN   TestCollectionDirectoryPinsCloseExactlyOnceOnEveryExit/prepare_failure\n","OutputType":"frame"}
{"Time":"2026-10-10T00:18:30.025095-04:00","Action":"output","Package":"fairdrop/internal/stream","Test":"TestCollectionDirectoryPinsCloseExactlyOnceOnEveryExit/prepare_failure","Output":"--- PASS: TestCollectionDirectoryPinsCloseExactlyOnceOnEveryExit/prepare_failure (0.00s)\n","OutputType":"frame"}
{"Time":"2026-10-10T00:18:30.025102-04:00","Action":"pass","Package":"fairdrop/internal/stream","Test":"TestCollectionDirectoryPinsCloseExactlyOnceOnEveryExit/prepare_failure","Elapsed":0}
{"Time":"2026-10-10T00:18:30.025105-04:00","Action":"run","Package":"fairdrop/internal/stream","Test":"TestCollectionDirectoryPinsCloseExactlyOnceOnEveryExit/close_failure"}
{"Time":"2026-10-10T00:18:30.025107-04:00","Action":"output","Package":"fairdrop/internal/stream","Test":"TestCollectionDirectoryPinsCloseExactlyOnceOnEveryExit/close_failure","Output":"=== RUN   TestCollectionDirectoryPinsCloseExactlyOnceOnEveryExit/close_failure\n","OutputType":"frame"}
{"Time":"2026-10-10T00:18:30.027004-04:00","Action":"output","Package":"fairdrop/internal/stream","Test":"TestCollectionDirectoryPinsCloseExactlyOnceOnEveryExit/close_failure","Output":"--- PASS: TestCollectionDirectoryPinsCloseExactlyOnceOnEveryExit/close_failure (0.00s)\n","OutputType":"frame"}
{"Time":"2026-10-10T00:18:30.027012-04:00","Action":"pass","Package":"fairdrop/internal/stream","Test":"TestCollectionDirectoryPinsCloseExactlyOnceOnEveryExit/close_failure","Elapsed":0}
{"Time":"2026-10-10T00:18:30.027015-04:00","Action":"output","Package":"fairdrop/internal/stream","Test":"TestCollectionDirectoryPinsCloseExactlyOnceOnEveryExit","Output":"--- PASS: TestCollectionDirectoryPinsCloseExactlyOnceOnEveryExit (0.01s)\n","OutputType":"frame"}
{"Time":"2026-10-10T00:18:30.027019-04:00","Action":"pass","Package":"fairdrop/internal/stream","Test":"TestCollectionDirectoryPinsCloseExactlyOnceOnEveryExit","Elapsed":0.01}
{"Time":"2026-10-10T00:18:30.027025-04:00","Action":"output","Package":"fairdrop/internal/stream","Output":"PASS\n","OutputType":"frame"}
{"Time":"2026-10-10T00:18:30.02767-04:00","Action":"output","Package":"fairdrop/internal/stream","Output":"ok  \tfairdrop/internal/stream\t0.243s\n"}
{"Time":"2026-10-10T00:18:30.027679-04:00","Action":"pass","Package":"fairdrop/internal/stream","Elapsed":0.244}
