{"Time":"2026-10-10T00:18:30.515931-04:00","Action":"start","Package":"fairdrop/internal/stream"}
{"Time":"2026-10-10T00:18:30.752682-04:00","Action":"run","Package":"fairdrop/internal/stream","Test":"TestCollectionDirectoryPinsCloseExactlyOnceOnEveryExit"}
{"Time":"2026-10-10T00:18:30.752741-04:00","Action":"output","Package":"fairdrop/internal/stream","Test":"TestCollectionDirectoryPinsCloseExactlyOnceOnEveryExit","Output":"=== RUN   TestCollectionDirectoryPinsCloseExactlyOnceOnEveryExit\n","OutputType":"frame"}
{"Time":"2026-10-10T00:18:30.752773-04:00","Action":"run","Package":"fairdrop/internal/stream","Test":"TestCollectionDirectoryPinsCloseExactlyOnceOnEveryExit/success"}
{"Time":"2026-10-10T00:18:30.752779-04:00","Action":"output","Package":"fairdrop/internal/stream","Test":"TestCollectionDirectoryPinsCloseExactlyOnceOnEveryExit/success","Output":"=== RUN   TestCollectionDirectoryPinsCloseExactlyOnceOnEveryExit/success\n","OutputType":"frame"}
{"Time":"2026-10-10T00:18:30.754768-04:00","Action":"output","Package":"fairdrop/internal/stream","Test":"TestCollectionDirectoryPinsCloseExactlyOnceOnEveryExit/success","Output":"    collection_test.go:202: directory 0 Close called 0 times, want once\n","OutputType":"error"}
{"Time":"2026-10-10T00:18:30.755423-04:00","Action":"output","Package":"fairdrop/internal/stream","Test":"TestCollectionDirectoryPinsCloseExactlyOnceOnEveryExit/success","Output":"--- FAIL: TestCollectionDirectoryPinsCloseExactlyOnceOnEveryExit/success (0.00s)\n","OutputType":"frame"}
{"Time":"2026-10-10T00:18:30.755432-04:00","Action":"fail","Package":"fairdrop/internal/stream","Test":"TestCollectionDirectoryPinsCloseExactlyOnceOnEveryExit/success","Elapsed":0}
{"Time":"2026-10-10T00:18:30.755446-04:00","Action":"run","Package":"fairdrop/internal/stream","Test":"TestCollectionDirectoryPinsCloseExactlyOnceOnEveryExit/close_before_write"}
{"Time":"2026-10-10T00:18:30.755448-04:00","Action":"output","Package":"fairdrop/internal/stream","Test":"TestCollectionDirectoryPinsCloseExactlyOnceOnEveryExit/close_before_write","Output":"=== RUN   TestCollectionDirectoryPinsCloseExactlyOnceOnEveryExit/close_before_write\n","OutputType":"frame"}
{"Time":"2026-10-10T00:18:30.75682-04:00","Action":"output","Package":"fairdrop/internal/stream","Test":"TestCollectionDirectoryPinsCloseExactlyOnceOnEveryExit/close_before_write","Output":"    collection_test.go:202: directory 0 Close called 0 times, want once\n","OutputType":"error"}
{"Time":"2026-10-10T00:18:30.757562-04:00","Action":"output","Package":"fairdrop/internal/stream","Test":"TestCollectionDirectoryPinsCloseExactlyOnceOnEveryExit/close_before_write","Output":"--- FAIL: TestCollectionDirectoryPinsCloseExactlyOnceOnEveryExit/close_before_write (0.00s)\n","OutputType":"frame"}
{"Time":"2026-10-10T00:18:30.757567-04:00","Action":"fail","Package":"fairdrop/internal/stream","Test":"TestCollectionDirectoryPinsCloseExactlyOnceOnEveryExit/close_before_write","Elapsed":0}
{"Time":"2026-10-10T00:18:30.757575-04:00","Action":"run","Package":"fairdrop/internal/stream","Test":"TestCollectionDirectoryPinsCloseExactlyOnceOnEveryExit/cancelled_write"}
{"Time":"2026-10-10T00:18:30.757582-04:00","Action":"output","Package":"fairdrop/internal/stream","Test":"TestCollectionDirectoryPinsCloseExactlyOnceOnEveryExit/cancelled_write","Output":"=== RUN   TestCollectionDirectoryPinsCloseExactlyOnceOnEveryExit/cancelled_write\n","OutputType":"frame"}
{"Time":"2026-10-10T00:18:30.758741-04:00","Action":"output","Package":"fairdrop/internal/stream","Test":"TestCollectionDirectoryPinsCloseExactlyOnceOnEveryExit/cancelled_write","Output":"    collection_test.go:202: directory 0 Close called 0 times, want once\n","OutputType":"error"}
{"Time":"2026-10-10T00:18:30.759336-04:00","Action":"output","Package":"fairdrop/internal/stream","Test":"TestCollectionDirectoryPinsCloseExactlyOnceOnEveryExit/cancelled_write","Output":"--- FAIL: TestCollectionDirectoryPinsCloseExactlyOnceOnEveryExit/cancelled_write (0.00s)\n","OutputType":"frame"}
{"Time":"2026-10-10T00:18:30.759339-04:00","Action":"fail","Package":"fairdrop/internal/stream","Test":"TestCollectionDirectoryPinsCloseExactlyOnceOnEveryExit/cancelled_write","Elapsed":0}
{"Time":"2026-10-10T00:18:30.759341-04:00","Action":"run","Package":"fairdrop/internal/stream","Test":"TestCollectionDirectoryPinsCloseExactlyOnceOnEveryExit/prepare_failure"}
{"Time":"2026-10-10T00:18:30.759343-04:00","Action":"output","Package":"fairdrop/internal/stream","Test":"TestCollectionDirectoryPinsCloseExactlyOnceOnEveryExit/prepare_failure","Output":"=== RUN   TestCollectionDirectoryPinsCloseExactlyOnceOnEveryExit/prepare_failure\n","OutputType":"frame"}
{"Time":"2026-10-10T00:18:30.760456-04:00","Action":"output","Package":"fairdrop/internal/stream","Test":"TestCollectionDirectoryPinsCloseExactlyOnceOnEveryExit/prepare_failure","Output":"    collection_test.go:202: directory 0 Close called 0 times, want once\n","OutputType":"error"}
{"Time":"2026-10-10T00:18:30.761104-04:00","Action":"output","Package":"fairdrop/internal/stream","Test":"TestCollectionDirectoryPinsCloseExactlyOnceOnEveryExit/prepare_failure","Output":"--- FAIL: TestCollectionDirectoryPinsCloseExactlyOnceOnEveryExit/prepare_failure (0.00s)\n","OutputType":"frame"}
{"Time":"2026-10-10T00:18:30.761107-04:00","Action":"fail","Package":"fairdrop/internal/stream","Test":"TestCollectionDirectoryPinsCloseExactlyOnceOnEveryExit/prepare_failure","Elapsed":0}
{"Time":"2026-10-10T00:18:30.761109-04:00","Action":"run","Package":"fairdrop/internal/stream","Test":"TestCollectionDirectoryPinsCloseExactlyOnceOnEveryExit/close_failure"}
{"Time":"2026-10-10T00:18:30.761111-04:00","Action":"output","Package":"fairdrop/internal/stream","Test":"TestCollectionDirectoryPinsCloseExactlyOnceOnEveryExit/close_failure","Output":"=== RUN   TestCollectionDirectoryPinsCloseExactlyOnceOnEveryExit/close_failure\n","OutputType":"frame"}
{"Time":"2026-10-10T00:18:30.762141-04:00","Action":"output","Package":"fairdrop/internal/stream","Test":"TestCollectionDirectoryPinsCloseExactlyOnceOnEveryExit/close_failure","Output":"    collection_test.go:184: close failure = \u003cnil\u003e\n","OutputType":"error"}
{"Time":"2026-10-10T00:18:30.762708-04:00","Action":"output","Package":"fairdrop/internal/stream","Test":"TestCollectionDirectoryPinsCloseExactlyOnceOnEveryExit/close_failure","Output":"--- FAIL: TestCollectionDirectoryPinsCloseExactlyOnceOnEveryExit/close_failure (0.00s)\n","OutputType":"frame"}
{"Time":"2026-10-10T00:18:30.762711-04:00","Action":"fail","Package":"fairdrop/internal/stream","Test":"TestCollectionDirectoryPinsCloseExactlyOnceOnEveryExit/close_failure","Elapsed":0}
{"Time":"2026-10-10T00:18:30.762714-04:00","Action":"output","Package":"fairdrop/internal/stream","Test":"TestCollectionDirectoryPinsCloseExactlyOnceOnEveryExit","Output":"--- FAIL: TestCollectionDirectoryPinsCloseExactlyOnceOnEveryExit (0.01s)\n","OutputType":"frame"}
{"Time":"2026-10-10T00:18:30.762716-04:00","Action":"fail","Package":"fairdrop/internal/stream","Test":"TestCollectionDirectoryPinsCloseExactlyOnceOnEveryExit","Elapsed":0.01}
{"Time":"2026-10-10T00:18:30.762722-04:00","Action":"output","Package":"fairdrop/internal/stream","Output":"FAIL\n","OutputType":"frame"}
{"Time":"2026-10-10T00:18:30.763315-04:00","Action":"output","Package":"fairdrop/internal/stream","Output":"FAIL\tfairdrop/internal/stream\t0.247s\n","OutputType":"frame"}
{"Time":"2026-10-10T00:18:30.763324-04:00","Action":"fail","Package":"fairdrop/internal/stream","Elapsed":0.247}
