{"Time":"2026-10-10T00:18:28.431626-04:00","Action":"start","Package":"fairdrop/internal/stream"}
{"Time":"2026-10-10T00:18:28.662071-04:00","Action":"run","Package":"fairdrop/internal/stream","Test":"TestCollectionDirectoryPinsCloseExactlyOnceOnEveryExit"}
{"Time":"2026-10-10T00:18:28.662204-04:00","Action":"output","Package":"fairdrop/internal/stream","Test":"TestCollectionDirectoryPinsCloseExactlyOnceOnEveryExit","Output":"=== RUN   TestCollectionDirectoryPinsCloseExactlyOnceOnEveryExit\n","OutputType":"frame"}
{"Time":"2026-10-10T00:18:28.662309-04:00","Action":"run","Package":"fairdrop/internal/stream","Test":"TestCollectionDirectoryPinsCloseExactlyOnceOnEveryExit/success"}
{"Time":"2026-10-10T00:18:28.662323-04:00","Action":"output","Package":"fairdrop/internal/stream","Test":"TestCollectionDirectoryPinsCloseExactlyOnceOnEveryExit/success","Output":"=== RUN   TestCollectionDirectoryPinsCloseExactlyOnceOnEveryExit/success\n","OutputType":"frame"}
{"Time":"2026-10-10T00:18:28.669001-04:00","Action":"output","Package":"fairdrop/internal/stream","Test":"TestCollectionDirectoryPinsCloseExactlyOnceOnEveryExit/success","Output":"--- PASS: TestCollectionDirectoryPinsCloseExactlyOnceOnEveryExit/success (0.01s)\n","OutputType":"frame"}
{"Time":"2026-10-10T00:18:28.66902-04:00","Action":"pass","Package":"fairdrop/internal/stream","Test":"TestCollectionDirectoryPinsCloseExactlyOnceOnEveryExit/success","Elapsed":0.01}
{"Time":"2026-10-10T00:18:28.669434-04:00","Action":"run","Package":"fairdrop/internal/stream","Test":"TestCollectionDirectoryPinsCloseExactlyOnceOnEveryExit/close_before_write"}
{"Time":"2026-10-10T00:18:28.669448-04:00","Action":"output","Package":"fairdrop/internal/stream","Test":"TestCollectionDirectoryPinsCloseExactlyOnceOnEveryExit/close_before_write","Output":"=== RUN   TestCollectionDirectoryPinsCloseExactlyOnceOnEveryExit/close_before_write\n","OutputType":"frame"}
{"Time":"2026-10-10T00:18:28.672583-04:00","Action":"output","Package":"fairdrop/internal/stream","Test":"TestCollectionDirectoryPinsCloseExactlyOnceOnEveryExit/close_before_write","Output":"--- PASS: TestCollectionDirectoryPinsCloseExactlyOnceOnEveryExit/close_before_write (0.00s)\n","OutputType":"frame"}
{"Time":"2026-10-10T00:18:28.672837-04:00","Action":"pass","Package":"fairdrop/internal/stream","Test":"TestCollectionDirectoryPinsCloseExactlyOnceOnEveryExit/close_before_write","Elapsed":0}
{"Time":"2026-10-10T00:18:28.672842-04:00","Action":"run","Package":"fairdrop/internal/stream","Test":"TestCollectionDirectoryPinsCloseExactlyOnceOnEveryExit/cancelled_write"}
{"Time":"2026-10-10T00:18:28.672844-04:00","Action":"output","Package":"fairdrop/internal/stream","Test":"TestCollectionDirectoryPinsCloseExactlyOnceOnEveryExit/cancelled_write","Output":"=== RUN   TestCollectionDirectoryPinsCloseExactlyOnceOnEveryExit/cancelled_write\n","OutputType":"frame"}
{"Time":"2026-10-10T00:18:28.674365-04:00","Action":"output","Package":"fairdrop/internal/stream","Test":"TestCollectionDirectoryPinsCloseExactlyOnceOnEveryExit/cancelled_write","Output":"--- PASS: TestCollectionDirectoryPinsCloseExactlyOnceOnEveryExit/cancelled_write (0.00s)\n","OutputType":"frame"}
{"Time":"2026-10-10T00:18:28.67437-04:00","Action":"pass","Package":"fairdrop/internal/stream","Test":"TestCollectionDirectoryPinsCloseExactlyOnceOnEveryExit/cancelled_write","Elapsed":0}
{"Time":"2026-10-10T00:18:28.674374-04:00","Action":"run","Package":"fairdrop/internal/stream","Test":"TestCollectionDirectoryPinsCloseExactlyOnceOnEveryExit/prepare_failure"}
{"Time":"2026-10-10T00:18:28.674376-04:00","Action":"output","Package":"fairdrop/internal/stream","Test":"TestCollectionDirectoryPinsCloseExactlyOnceOnEveryExit/prepare_failure","Output":"=== RUN   TestCollectionDirectoryPinsCloseExactlyOnceOnEveryExit/prepare_failure\n","OutputType":"frame"}
{"Time":"2026-10-10T00:18:28.676338-04:00","Action":"output","Package":"fairdrop/internal/stream","Test":"TestCollectionDirectoryPinsCloseExactlyOnceOnEveryExit/prepare_failure","Output":"--- PASS: TestCollectionDirectoryPinsCloseExactlyOnceOnEveryExit/prepare_failure (0.00s)\n","OutputType":"frame"}
{"Time":"2026-10-10T00:18:28.676343-04:00","Action":"pass","Package":"fairdrop/internal/stream","Test":"TestCollectionDirectoryPinsCloseExactlyOnceOnEveryExit/prepare_failure","Elapsed":0}
{"Time":"2026-10-10T00:18:28.676345-04:00","Action":"run","Package":"fairdrop/internal/stream","Test":"TestCollectionDirectoryPinsCloseExactlyOnceOnEveryExit/close_failure"}
{"Time":"2026-10-10T00:18:28.676346-04:00","Action":"output","Package":"fairdrop/internal/stream","Test":"TestCollectionDirectoryPinsCloseExactlyOnceOnEveryExit/close_failure","Output":"=== RUN   TestCollectionDirectoryPinsCloseExactlyOnceOnEveryExit/close_failure\n","OutputType":"frame"}
{"Time":"2026-10-10T00:18:28.678256-04:00","Action":"output","Package":"fairdrop/internal/stream","Test":"TestCollectionDirectoryPinsCloseExactlyOnceOnEveryExit/close_failure","Output":"--- PASS: TestCollectionDirectoryPinsCloseExactlyOnceOnEveryExit/close_failure (0.00s)\n","OutputType":"frame"}
{"Time":"2026-10-10T00:18:28.678262-04:00","Action":"pass","Package":"fairdrop/internal/stream","Test":"TestCollectionDirectoryPinsCloseExactlyOnceOnEveryExit/close_failure","Elapsed":0}
{"Time":"2026-10-10T00:18:28.678265-04:00","Action":"output","Package":"fairdrop/internal/stream","Test":"TestCollectionDirectoryPinsCloseExactlyOnceOnEveryExit","Output":"--- PASS: TestCollectionDirectoryPinsCloseExactlyOnceOnEveryExit (0.02s)\n","OutputType":"frame"}
{"Time":"2026-10-10T00:18:28.67827-04:00","Action":"pass","Package":"fairdrop/internal/stream","Test":"TestCollectionDirectoryPinsCloseExactlyOnceOnEveryExit","Elapsed":0.02}
{"Time":"2026-10-10T00:18:28.678273-04:00","Action":"output","Package":"fairdrop/internal/stream","Output":"PASS\n","OutputType":"frame"}
{"Time":"2026-10-10T00:18:28.67888-04:00","Action":"output","Package":"fairdrop/internal/stream","Output":"ok  \tfairdrop/internal/stream\t0.247s\n"}
{"Time":"2026-10-10T00:18:28.678891-04:00","Action":"pass","Package":"fairdrop/internal/stream","Elapsed":0.247}
