{"Time":"2026-10-10T00:18:29.180005-04:00","Action":"start","Package":"fairdrop/internal/stream"}
{"Time":"2026-10-10T00:18:29.428651-04:00","Action":"run","Package":"fairdrop/internal/stream","Test":"TestCollectionDirectoryPinsCloseExactlyOnceOnEveryExit"}
{"Time":"2026-10-10T00:18:29.428828-04:00","Action":"output","Package":"fairdrop/internal/stream","Test":"TestCollectionDirectoryPinsCloseExactlyOnceOnEveryExit","Output":"=== RUN   TestCollectionDirectoryPinsCloseExactlyOnceOnEveryExit\n","OutputType":"frame"}
{"Time":"2026-10-10T00:18:29.428941-04:00","Action":"run","Package":"fairdrop/internal/stream","Test":"TestCollectionDirectoryPinsCloseExactlyOnceOnEveryExit/success"}
{"Time":"2026-10-10T00:18:29.428952-04:00","Action":"output","Package":"fairdrop/internal/stream","Test":"TestCollectionDirectoryPinsCloseExactlyOnceOnEveryExit/success","Output":"=== RUN   TestCollectionDirectoryPinsCloseExactlyOnceOnEveryExit/success\n","OutputType":"frame"}
{"Time":"2026-10-10T00:18:29.433493-04:00","Action":"output","Package":"fairdrop/internal/stream","Test":"TestCollectionDirectoryPinsCloseExactlyOnceOnEveryExit/success","Output":"    collection_test.go:209: two simultaneous directory pins reserved [0 0] slots, want [1 1]\n","OutputType":"error"}
{"Time":"2026-10-10T00:18:29.434903-04:00","Action":"output","Package":"fairdrop/internal/stream","Test":"TestCollectionDirectoryPinsCloseExactlyOnceOnEveryExit/success","Output":"--- FAIL: TestCollectionDirectoryPinsCloseExactlyOnceOnEveryExit/success (0.01s)\n","OutputType":"frame"}
{"Time":"2026-10-10T00:18:29.434916-04:00","Action":"fail","Package":"fairdrop/internal/stream","Test":"TestCollectionDirectoryPinsCloseExactlyOnceOnEveryExit/success","Elapsed":0.01}
{"Time":"2026-10-10T00:18:29.434961-04:00","Action":"run","Package":"fairdrop/internal/stream","Test":"TestCollectionDirectoryPinsCloseExactlyOnceOnEveryExit/close_before_write"}
{"Time":"2026-10-10T00:18:29.434965-04:00","Action":"output","Package":"fairdrop/internal/stream","Test":"TestCollectionDirectoryPinsCloseExactlyOnceOnEveryExit/close_before_write","Output":"=== RUN   TestCollectionDirectoryPinsCloseExactlyOnceOnEveryExit/close_before_write\n","OutputType":"frame"}
{"Time":"2026-10-10T00:18:29.437065-04:00","Action":"output","Package":"fairdrop/internal/stream","Test":"TestCollectionDirectoryPinsCloseExactlyOnceOnEveryExit/close_before_write","Output":"    collection_test.go:209: two simultaneous directory pins reserved [0 0] slots, want [1 1]\n","OutputType":"error"}
{"Time":"2026-10-10T00:18:29.437743-04:00","Action":"output","Package":"fairdrop/internal/stream","Test":"TestCollectionDirectoryPinsCloseExactlyOnceOnEveryExit/close_before_write","Output":"--- FAIL: TestCollectionDirectoryPinsCloseExactlyOnceOnEveryExit/close_before_write (0.00s)\n","OutputType":"frame"}
{"Time":"2026-10-10T00:18:29.437748-04:00","Action":"fail","Package":"fairdrop/internal/stream","Test":"TestCollectionDirectoryPinsCloseExactlyOnceOnEveryExit/close_before_write","Elapsed":0}
{"Time":"2026-10-10T00:18:29.437754-04:00","Action":"run","Package":"fairdrop/internal/stream","Test":"TestCollectionDirectoryPinsCloseExactlyOnceOnEveryExit/cancelled_write"}
{"Time":"2026-10-10T00:18:29.437756-04:00","Action":"output","Package":"fairdrop/internal/stream","Test":"TestCollectionDirectoryPinsCloseExactlyOnceOnEveryExit/cancelled_write","Output":"=== RUN   TestCollectionDirectoryPinsCloseExactlyOnceOnEveryExit/cancelled_write\n","OutputType":"frame"}
{"Time":"2026-10-10T00:18:29.438882-04:00","Action":"output","Package":"fairdrop/internal/stream","Test":"TestCollectionDirectoryPinsCloseExactlyOnceOnEveryExit/cancelled_write","Output":"    collection_test.go:209: two simultaneous directory pins reserved [0 0] slots, want [1 1]\n","OutputType":"error"}
{"Time":"2026-10-10T00:18:29.439648-04:00","Action":"output","Package":"fairdrop/internal/stream","Test":"TestCollectionDirectoryPinsCloseExactlyOnceOnEveryExit/cancelled_write","Output":"--- FAIL: TestCollectionDirectoryPinsCloseExactlyOnceOnEveryExit/cancelled_write (0.00s)\n","OutputType":"frame"}
{"Time":"2026-10-10T00:18:29.439663-04:00","Action":"fail","Package":"fairdrop/internal/stream","Test":"TestCollectionDirectoryPinsCloseExactlyOnceOnEveryExit/cancelled_write","Elapsed":0}
{"Time":"2026-10-10T00:18:29.43967-04:00","Action":"run","Package":"fairdrop/internal/stream","Test":"TestCollectionDirectoryPinsCloseExactlyOnceOnEveryExit/prepare_failure"}
{"Time":"2026-10-10T00:18:29.439675-04:00","Action":"output","Package":"fairdrop/internal/stream","Test":"TestCollectionDirectoryPinsCloseExactlyOnceOnEveryExit/prepare_failure","Output":"=== RUN   TestCollectionDirectoryPinsCloseExactlyOnceOnEveryExit/prepare_failure\n","OutputType":"frame"}
{"Time":"2026-10-10T00:18:29.441188-04:00","Action":"output","Package":"fairdrop/internal/stream","Test":"TestCollectionDirectoryPinsCloseExactlyOnceOnEveryExit/prepare_failure","Output":"    collection_test.go:209: two simultaneous directory pins reserved [0 0] slots, want [1 1]\n","OutputType":"error"}
{"Time":"2026-10-10T00:18:29.441953-04:00","Action":"output","Package":"fairdrop/internal/stream","Test":"TestCollectionDirectoryPinsCloseExactlyOnceOnEveryExit/prepare_failure","Output":"--- FAIL: TestCollectionDirectoryPinsCloseExactlyOnceOnEveryExit/prepare_failure (0.00s)\n","OutputType":"frame"}
{"Time":"2026-10-10T00:18:29.441961-04:00","Action":"fail","Package":"fairdrop/internal/stream","Test":"TestCollectionDirectoryPinsCloseExactlyOnceOnEveryExit/prepare_failure","Elapsed":0}
{"Time":"2026-10-10T00:18:29.441963-04:00","Action":"run","Package":"fairdrop/internal/stream","Test":"TestCollectionDirectoryPinsCloseExactlyOnceOnEveryExit/close_failure"}
{"Time":"2026-10-10T00:18:29.441965-04:00","Action":"output","Package":"fairdrop/internal/stream","Test":"TestCollectionDirectoryPinsCloseExactlyOnceOnEveryExit/close_failure","Output":"=== RUN   TestCollectionDirectoryPinsCloseExactlyOnceOnEveryExit/close_failure\n","OutputType":"frame"}
{"Time":"2026-10-10T00:18:29.443104-04:00","Action":"output","Package":"fairdrop/internal/stream","Test":"TestCollectionDirectoryPinsCloseExactlyOnceOnEveryExit/close_failure","Output":"    collection_test.go:209: two simultaneous directory pins reserved [0 0] slots, want [1 1]\n","OutputType":"error"}
{"Time":"2026-10-10T00:18:29.443744-04:00","Action":"output","Package":"fairdrop/internal/stream","Test":"TestCollectionDirectoryPinsCloseExactlyOnceOnEveryExit/close_failure","Output":"--- FAIL: TestCollectionDirectoryPinsCloseExactlyOnceOnEveryExit/close_failure (0.00s)\n","OutputType":"frame"}
{"Time":"2026-10-10T00:18:29.443748-04:00","Action":"fail","Package":"fairdrop/internal/stream","Test":"TestCollectionDirectoryPinsCloseExactlyOnceOnEveryExit/close_failure","Elapsed":0}
{"Time":"2026-10-10T00:18:29.443757-04:00","Action":"output","Package":"fairdrop/internal/stream","Test":"TestCollectionDirectoryPinsCloseExactlyOnceOnEveryExit","Output":"--- FAIL: TestCollectionDirectoryPinsCloseExactlyOnceOnEveryExit (0.02s)\n","OutputType":"frame"}
{"Time":"2026-10-10T00:18:29.443763-04:00","Action":"fail","Package":"fairdrop/internal/stream","Test":"TestCollectionDirectoryPinsCloseExactlyOnceOnEveryExit","Elapsed":0.02}
{"Time":"2026-10-10T00:18:29.443766-04:00","Action":"output","Package":"fairdrop/internal/stream","Output":"FAIL\n","OutputType":"frame"}
{"Time":"2026-10-10T00:18:29.44455-04:00","Action":"output","Package":"fairdrop/internal/stream","Output":"FAIL\tfairdrop/internal/stream\t0.264s\n","OutputType":"frame"}
{"Time":"2026-10-10T00:18:29.444562-04:00","Action":"fail","Package":"fairdrop/internal/stream","Elapsed":0.265}
