count: baseline=pass mutant=named assertion
overlap: baseline=pass mutant=named assertion
root_overlap: baseline=pass mutant=named assertion
overflow: baseline=pass mutant=named assertion
slice_copy: baseline=pass mutant=named assertion
member_copy: baseline=pass mutant=named assertion
handler_copy: baseline=pass mutant=named assertion
numbered_names: baseline=pass mutant=named assertion
name_fallback: baseline=pass mutant=named assertion
name_trim: baseline=pass mutant=named assertion
name_bytes: baseline=pass mutant=named assertion
shared_budget: baseline=pass mutant=named assertion
decorator_single_inspect: baseline=pass mutant=named assertion
coordinator_pin_reservation: baseline=pass mutant=named assertion
stream_pin_reservation: baseline=pass mutant=named assertion
directory_member_close: baseline=pass mutant=named assertion
short_file: baseline=pass mutant=named assertion
halt_finalization: baseline=pass mutant=named assertion
cleanup: baseline=pass mutant=named assertion
cancel_cleanup: baseline=pass mutant=named assertion
go-mut exit 0
