{"Time":"2026-10-11T00:24:19.793951-04:00","Action":"start","Package":"fairdrop/internal/server"}
{"Time":"2026-10-11T00:24:20.080442-04:00","Action":"run","Package":"fairdrop/internal/server","Test":"TestRejectedRequestsWriteNothingAndLeaveTheSessionWaiting"}
{"Time":"2026-10-11T00:24:20.080556-04:00","Action":"output","Package":"fairdrop/internal/server","Test":"TestRejectedRequestsWriteNothingAndLeaveTheSessionWaiting","Output":"=== RUN   TestRejectedRequestsWriteNothingAndLeaveTheSessionWaiting\n","OutputType":"frame"}
{"Time":"2026-10-11T00:24:20.080643-04:00","Action":"run","Package":"fairdrop/internal/server","Test":"TestRejectedRequestsWriteNothingAndLeaveTheSessionWaiting/no_declared_length_(chunked)"}
{"Time":"2026-10-11T00:24:20.080655-04:00","Action":"output","Package":"fairdrop/internal/server","Test":"TestRejectedRequestsWriteNothingAndLeaveTheSessionWaiting/no_declared_length_(chunked)","Output":"=== RUN   TestRejectedRequestsWriteNothingAndLeaveTheSessionWaiting/no_declared_length_(chunked)\n","OutputType":"frame"}
{"Time":"2026-10-11T00:24:20.084648-04:00","Action":"output","Package":"fairdrop/internal/server","Test":"TestRejectedRequestsWriteNothingAndLeaveTheSessionWaiting/no_declared_length_(chunked)","Output":"    upload_test.go:323: status = 413, want 411\n","OutputType":"error"}
{"Time":"2026-10-11T00:24:20.085258-04:00","Action":"output","Package":"fairdrop/internal/server","Test":"TestRejectedRequestsWriteNothingAndLeaveTheSessionWaiting/no_declared_length_(chunked)","Output":"--- FAIL: TestRejectedRequestsWriteNothingAndLeaveTheSessionWaiting/no_declared_length_(chunked) (0.00s)\n","OutputType":"frame"}
{"Time":"2026-10-11T00:24:20.085283-04:00","Action":"fail","Package":"fairdrop/internal/server","Test":"TestRejectedRequestsWriteNothingAndLeaveTheSessionWaiting/no_declared_length_(chunked)","Elapsed":0}
{"Time":"2026-10-11T00:24:20.085308-04:00","Action":"run","Package":"fairdrop/internal/server","Test":"TestRejectedRequestsWriteNothingAndLeaveTheSessionWaiting/not_multipart"}
{"Time":"2026-10-11T00:24:20.085314-04:00","Action":"output","Package":"fairdrop/internal/server","Test":"TestRejectedRequestsWriteNothingAndLeaveTheSessionWaiting/not_multipart","Output":"=== RUN   TestRejectedRequestsWriteNothingAndLeaveTheSessionWaiting/not_multipart\n","OutputType":"frame"}
{"Time":"2026-10-11T00:24:20.095311-04:00","Action":"output","Package":"fairdrop/internal/server","Test":"TestRejectedRequestsWriteNothingAndLeaveTheSessionWaiting/not_multipart","Output":"--- PASS: TestRejectedRequestsWriteNothingAndLeaveTheSessionWaiting/not_multipart (0.01s)\n","OutputType":"frame"}
{"Time":"2026-10-11T00:24:20.09534-04:00","Action":"pass","Package":"fairdrop/internal/server","Test":"TestRejectedRequestsWriteNothingAndLeaveTheSessionWaiting/not_multipart","Elapsed":0.01}
{"Time":"2026-10-11T00:24:20.095363-04:00","Action":"run","Package":"fairdrop/internal/server","Test":"TestRejectedRequestsWriteNothingAndLeaveTheSessionWaiting/multipart_without_a_boundary"}
{"Time":"2026-10-11T00:24:20.095367-04:00","Action":"output","Package":"fairdrop/internal/server","Test":"TestRejectedRequestsWriteNothingAndLeaveTheSessionWaiting/multipart_without_a_boundary","Output":"=== RUN   TestRejectedRequestsWriteNothingAndLeaveTheSessionWaiting/multipart_without_a_boundary\n","OutputType":"frame"}
{"Time":"2026-10-11T00:24:20.101322-04:00","Action":"output","Package":"fairdrop/internal/server","Test":"TestRejectedRequestsWriteNothingAndLeaveTheSessionWaiting/multipart_without_a_boundary","Output":"--- PASS: TestRejectedRequestsWriteNothingAndLeaveTheSessionWaiting/multipart_without_a_boundary (0.01s)\n","OutputType":"frame"}
{"Time":"2026-10-11T00:24:20.101332-04:00","Action":"pass","Package":"fairdrop/internal/server","Test":"TestRejectedRequestsWriteNothingAndLeaveTheSessionWaiting/multipart_without_a_boundary","Elapsed":0.01}
{"Time":"2026-10-11T00:24:20.101336-04:00","Action":"run","Package":"fairdrop/internal/server","Test":"TestRejectedRequestsWriteNothingAndLeaveTheSessionWaiting/multipart_with_no_parts"}
{"Time":"2026-10-11T00:24:20.101342-04:00","Action":"output","Package":"fairdrop/internal/server","Test":"TestRejectedRequestsWriteNothingAndLeaveTheSessionWaiting/multipart_with_no_parts","Output":"=== RUN   TestRejectedRequestsWriteNothingAndLeaveTheSessionWaiting/multipart_with_no_parts\n","OutputType":"frame"}
{"Time":"2026-10-11T00:24:20.10828-04:00","Action":"output","Package":"fairdrop/internal/server","Test":"TestRejectedRequestsWriteNothingAndLeaveTheSessionWaiting/multipart_with_no_parts","Output":"--- PASS: TestRejectedRequestsWriteNothingAndLeaveTheSessionWaiting/multipart_with_no_parts (0.01s)\n","OutputType":"frame"}
{"Time":"2026-10-11T00:24:20.108289-04:00","Action":"pass","Package":"fairdrop/internal/server","Test":"TestRejectedRequestsWriteNothingAndLeaveTheSessionWaiting/multipart_with_no_parts","Elapsed":0.01}
{"Time":"2026-10-11T00:24:20.108292-04:00","Action":"run","Package":"fairdrop/internal/server","Test":"TestRejectedRequestsWriteNothingAndLeaveTheSessionWaiting/multipart_with_only_a_text_field"}
{"Time":"2026-10-11T00:24:20.108293-04:00","Action":"output","Package":"fairdrop/internal/server","Test":"TestRejectedRequestsWriteNothingAndLeaveTheSessionWaiting/multipart_with_only_a_text_field","Output":"=== RUN   TestRejectedRequestsWriteNothingAndLeaveTheSessionWaiting/multipart_with_only_a_text_field\n","OutputType":"frame"}
{"Time":"2026-10-11T00:24:20.114231-04:00","Action":"output","Package":"fairdrop/internal/server","Test":"TestRejectedRequestsWriteNothingAndLeaveTheSessionWaiting/multipart_with_only_a_text_field","Output":"--- PASS: TestRejectedRequestsWriteNothingAndLeaveTheSessionWaiting/multipart_with_only_a_text_field (0.01s)\n","OutputType":"frame"}
{"Time":"2026-10-11T00:24:20.114263-04:00","Action":"pass","Package":"fairdrop/internal/server","Test":"TestRejectedRequestsWriteNothingAndLeaveTheSessionWaiting/multipart_with_only_a_text_field","Elapsed":0.01}
{"Time":"2026-10-11T00:24:20.114294-04:00","Action":"run","Package":"fairdrop/internal/server","Test":"TestRejectedRequestsWriteNothingAndLeaveTheSessionWaiting/multipart_whose_only_file_part_is_empty-named"}
{"Time":"2026-10-11T00:24:20.114336-04:00","Action":"output","Package":"fairdrop/internal/server","Test":"TestRejectedRequestsWriteNothingAndLeaveTheSessionWaiting/multipart_whose_only_file_part_is_empty-named","Output":"=== RUN   TestRejectedRequestsWriteNothingAndLeaveTheSessionWaiting/multipart_whose_only_file_part_is_empty-named\n","OutputType":"frame"}
{"Time":"2026-10-11T00:24:20.12189-04:00","Action":"output","Package":"fairdrop/internal/server","Test":"TestRejectedRequestsWriteNothingAndLeaveTheSessionWaiting/multipart_whose_only_file_part_is_empty-named","Output":"--- PASS: TestRejectedRequestsWriteNothingAndLeaveTheSessionWaiting/multipart_whose_only_file_part_is_empty-named (0.01s)\n","OutputType":"frame"}
{"Time":"2026-10-11T00:24:20.121897-04:00","Action":"pass","Package":"fairdrop/internal/server","Test":"TestRejectedRequestsWriteNothingAndLeaveTheSessionWaiting/multipart_whose_only_file_part_is_empty-named","Elapsed":0.01}
{"Time":"2026-10-11T00:24:20.121906-04:00","Action":"run","Package":"fairdrop/internal/server","Test":"TestRejectedRequestsWriteNothingAndLeaveTheSessionWaiting/garbage_under_a_multipart_type"}
{"Time":"2026-10-11T00:24:20.12191-04:00","Action":"output","Package":"fairdrop/internal/server","Test":"TestRejectedRequestsWriteNothingAndLeaveTheSessionWaiting/garbage_under_a_multipart_type","Output":"=== RUN   TestRejectedRequestsWriteNothingAndLeaveTheSessionWaiting/garbage_under_a_multipart_type\n","OutputType":"frame"}
{"Time":"2026-10-11T00:24:20.125275-04:00","Action":"output","Package":"fairdrop/internal/server","Test":"TestRejectedRequestsWriteNothingAndLeaveTheSessionWaiting/garbage_under_a_multipart_type","Output":"--- PASS: TestRejectedRequestsWriteNothingAndLeaveTheSessionWaiting/garbage_under_a_multipart_type (0.00s)\n","OutputType":"frame"}
{"Time":"2026-10-11T00:24:20.125288-04:00","Action":"pass","Package":"fairdrop/internal/server","Test":"TestRejectedRequestsWriteNothingAndLeaveTheSessionWaiting/garbage_under_a_multipart_type","Elapsed":0}
{"Time":"2026-10-11T00:24:20.125292-04:00","Action":"run","Package":"fairdrop/internal/server","Test":"TestRejectedRequestsWriteNothingAndLeaveTheSessionWaiting/an_empty_body"}
{"Time":"2026-10-11T00:24:20.125297-04:00","Action":"output","Package":"fairdrop/internal/server","Test":"TestRejectedRequestsWriteNothingAndLeaveTheSessionWaiting/an_empty_body","Output":"=== RUN   TestRejectedRequestsWriteNothingAndLeaveTheSessionWaiting/an_empty_body\n","OutputType":"frame"}
{"Time":"2026-10-11T00:24:20.130472-04:00","Action":"output","Package":"fairdrop/internal/server","Test":"TestRejectedRequestsWriteNothingAndLeaveTheSessionWaiting/an_empty_body","Output":"--- PASS: TestRejectedRequestsWriteNothingAndLeaveTheSessionWaiting/an_empty_body (0.01s)\n","OutputType":"frame"}
{"Time":"2026-10-11T00:24:20.130479-04:00","Action":"pass","Package":"fairdrop/internal/server","Test":"TestRejectedRequestsWriteNothingAndLeaveTheSessionWaiting/an_empty_body","Elapsed":0.01}
{"Time":"2026-10-11T00:24:20.130483-04:00","Action":"output","Package":"fairdrop/internal/server","Test":"TestRejectedRequestsWriteNothingAndLeaveTheSessionWaiting","Output":"--- FAIL: TestRejectedRequestsWriteNothingAndLeaveTheSessionWaiting (0.05s)\n","OutputType":"frame"}
{"Time":"2026-10-11T00:24:20.13049-04:00","Action":"fail","Package":"fairdrop/internal/server","Test":"TestRejectedRequestsWriteNothingAndLeaveTheSessionWaiting","Elapsed":0.05}
{"Time":"2026-10-11T00:24:20.130509-04:00","Action":"output","Package":"fairdrop/internal/server","Output":"FAIL\n","OutputType":"frame"}
{"Time":"2026-10-11T00:24:20.131609-04:00","Action":"output","Package":"fairdrop/internal/server","Output":"FAIL\tfairdrop/internal/server\t0.337s\n","OutputType":"frame"}
{"Time":"2026-10-11T00:24:20.131618-04:00","Action":"fail","Package":"fairdrop/internal/server","Elapsed":0.338}
