{"Time":"2026-10-11T00:24:18.881644-04:00","Action":"start","Package":"fairdrop/internal/server"}
{"Time":"2026-10-11T00:24:19.151335-04:00","Action":"run","Package":"fairdrop/internal/server","Test":"TestRejectedRequestsWriteNothingAndLeaveTheSessionWaiting"}
{"Time":"2026-10-11T00:24:19.151395-04:00","Action":"output","Package":"fairdrop/internal/server","Test":"TestRejectedRequestsWriteNothingAndLeaveTheSessionWaiting","Output":"=== RUN   TestRejectedRequestsWriteNothingAndLeaveTheSessionWaiting\n","OutputType":"frame"}
{"Time":"2026-10-11T00:24:19.15146-04:00","Action":"run","Package":"fairdrop/internal/server","Test":"TestRejectedRequestsWriteNothingAndLeaveTheSessionWaiting/no_declared_length_(chunked)"}
{"Time":"2026-10-11T00:24:19.151468-04:00","Action":"output","Package":"fairdrop/internal/server","Test":"TestRejectedRequestsWriteNothingAndLeaveTheSessionWaiting/no_declared_length_(chunked)","Output":"=== RUN   TestRejectedRequestsWriteNothingAndLeaveTheSessionWaiting/no_declared_length_(chunked)\n","OutputType":"frame"}
{"Time":"2026-10-11T00:24:19.16184-04:00","Action":"output","Package":"fairdrop/internal/server","Test":"TestRejectedRequestsWriteNothingAndLeaveTheSessionWaiting/no_declared_length_(chunked)","Output":"--- PASS: TestRejectedRequestsWriteNothingAndLeaveTheSessionWaiting/no_declared_length_(chunked) (0.01s)\n","OutputType":"frame"}
{"Time":"2026-10-11T00:24:19.161852-04:00","Action":"pass","Package":"fairdrop/internal/server","Test":"TestRejectedRequestsWriteNothingAndLeaveTheSessionWaiting/no_declared_length_(chunked)","Elapsed":0.01}
{"Time":"2026-10-11T00:24:19.161871-04:00","Action":"run","Package":"fairdrop/internal/server","Test":"TestRejectedRequestsWriteNothingAndLeaveTheSessionWaiting/not_multipart"}
{"Time":"2026-10-11T00:24:19.161878-04:00","Action":"output","Package":"fairdrop/internal/server","Test":"TestRejectedRequestsWriteNothingAndLeaveTheSessionWaiting/not_multipart","Output":"=== RUN   TestRejectedRequestsWriteNothingAndLeaveTheSessionWaiting/not_multipart\n","OutputType":"frame"}
{"Time":"2026-10-11T00:24:19.168615-04:00","Action":"output","Package":"fairdrop/internal/server","Test":"TestRejectedRequestsWriteNothingAndLeaveTheSessionWaiting/not_multipart","Output":"--- PASS: TestRejectedRequestsWriteNothingAndLeaveTheSessionWaiting/not_multipart (0.01s)\n","OutputType":"frame"}
{"Time":"2026-10-11T00:24:19.16862-04:00","Action":"pass","Package":"fairdrop/internal/server","Test":"TestRejectedRequestsWriteNothingAndLeaveTheSessionWaiting/not_multipart","Elapsed":0.01}
{"Time":"2026-10-11T00:24:19.168629-04:00","Action":"run","Package":"fairdrop/internal/server","Test":"TestRejectedRequestsWriteNothingAndLeaveTheSessionWaiting/multipart_without_a_boundary"}
{"Time":"2026-10-11T00:24:19.168631-04:00","Action":"output","Package":"fairdrop/internal/server","Test":"TestRejectedRequestsWriteNothingAndLeaveTheSessionWaiting/multipart_without_a_boundary","Output":"=== RUN   TestRejectedRequestsWriteNothingAndLeaveTheSessionWaiting/multipart_without_a_boundary\n","OutputType":"frame"}
{"Time":"2026-10-11T00:24:19.175597-04:00","Action":"output","Package":"fairdrop/internal/server","Test":"TestRejectedRequestsWriteNothingAndLeaveTheSessionWaiting/multipart_without_a_boundary","Output":"--- PASS: TestRejectedRequestsWriteNothingAndLeaveTheSessionWaiting/multipart_without_a_boundary (0.01s)\n","OutputType":"frame"}
{"Time":"2026-10-11T00:24:19.175602-04:00","Action":"pass","Package":"fairdrop/internal/server","Test":"TestRejectedRequestsWriteNothingAndLeaveTheSessionWaiting/multipart_without_a_boundary","Elapsed":0.01}
{"Time":"2026-10-11T00:24:19.175609-04:00","Action":"run","Package":"fairdrop/internal/server","Test":"TestRejectedRequestsWriteNothingAndLeaveTheSessionWaiting/multipart_with_no_parts"}
{"Time":"2026-10-11T00:24:19.17561-04:00","Action":"output","Package":"fairdrop/internal/server","Test":"TestRejectedRequestsWriteNothingAndLeaveTheSessionWaiting/multipart_with_no_parts","Output":"=== RUN   TestRejectedRequestsWriteNothingAndLeaveTheSessionWaiting/multipart_with_no_parts\n","OutputType":"frame"}
{"Time":"2026-10-11T00:24:19.179657-04:00","Action":"output","Package":"fairdrop/internal/server","Test":"TestRejectedRequestsWriteNothingAndLeaveTheSessionWaiting/multipart_with_no_parts","Output":"--- PASS: TestRejectedRequestsWriteNothingAndLeaveTheSessionWaiting/multipart_with_no_parts (0.00s)\n","OutputType":"frame"}
{"Time":"2026-10-11T00:24:19.179664-04:00","Action":"pass","Package":"fairdrop/internal/server","Test":"TestRejectedRequestsWriteNothingAndLeaveTheSessionWaiting/multipart_with_no_parts","Elapsed":0}
{"Time":"2026-10-11T00:24:19.179667-04:00","Action":"run","Package":"fairdrop/internal/server","Test":"TestRejectedRequestsWriteNothingAndLeaveTheSessionWaiting/multipart_with_only_a_text_field"}
{"Time":"2026-10-11T00:24:19.179668-04:00","Action":"output","Package":"fairdrop/internal/server","Test":"TestRejectedRequestsWriteNothingAndLeaveTheSessionWaiting/multipart_with_only_a_text_field","Output":"=== RUN   TestRejectedRequestsWriteNothingAndLeaveTheSessionWaiting/multipart_with_only_a_text_field\n","OutputType":"frame"}
{"Time":"2026-10-11T00:24:19.184207-04:00","Action":"output","Package":"fairdrop/internal/server","Test":"TestRejectedRequestsWriteNothingAndLeaveTheSessionWaiting/multipart_with_only_a_text_field","Output":"--- PASS: TestRejectedRequestsWriteNothingAndLeaveTheSessionWaiting/multipart_with_only_a_text_field (0.00s)\n","OutputType":"frame"}
{"Time":"2026-10-11T00:24:19.184216-04:00","Action":"pass","Package":"fairdrop/internal/server","Test":"TestRejectedRequestsWriteNothingAndLeaveTheSessionWaiting/multipart_with_only_a_text_field","Elapsed":0}
{"Time":"2026-10-11T00:24:19.184228-04:00","Action":"run","Package":"fairdrop/internal/server","Test":"TestRejectedRequestsWriteNothingAndLeaveTheSessionWaiting/multipart_whose_only_file_part_is_empty-named"}
{"Time":"2026-10-11T00:24:19.184231-04:00","Action":"output","Package":"fairdrop/internal/server","Test":"TestRejectedRequestsWriteNothingAndLeaveTheSessionWaiting/multipart_whose_only_file_part_is_empty-named","Output":"=== RUN   TestRejectedRequestsWriteNothingAndLeaveTheSessionWaiting/multipart_whose_only_file_part_is_empty-named\n","OutputType":"frame"}
{"Time":"2026-10-11T00:24:19.189211-04:00","Action":"output","Package":"fairdrop/internal/server","Test":"TestRejectedRequestsWriteNothingAndLeaveTheSessionWaiting/multipart_whose_only_file_part_is_empty-named","Output":"--- PASS: TestRejectedRequestsWriteNothingAndLeaveTheSessionWaiting/multipart_whose_only_file_part_is_empty-named (0.00s)\n","OutputType":"frame"}
{"Time":"2026-10-11T00:24:19.189221-04:00","Action":"pass","Package":"fairdrop/internal/server","Test":"TestRejectedRequestsWriteNothingAndLeaveTheSessionWaiting/multipart_whose_only_file_part_is_empty-named","Elapsed":0}
{"Time":"2026-10-11T00:24:19.189224-04:00","Action":"run","Package":"fairdrop/internal/server","Test":"TestRejectedRequestsWriteNothingAndLeaveTheSessionWaiting/garbage_under_a_multipart_type"}
{"Time":"2026-10-11T00:24:19.189227-04:00","Action":"output","Package":"fairdrop/internal/server","Test":"TestRejectedRequestsWriteNothingAndLeaveTheSessionWaiting/garbage_under_a_multipart_type","Output":"=== RUN   TestRejectedRequestsWriteNothingAndLeaveTheSessionWaiting/garbage_under_a_multipart_type\n","OutputType":"frame"}
{"Time":"2026-10-11T00:24:19.194201-04:00","Action":"output","Package":"fairdrop/internal/server","Test":"TestRejectedRequestsWriteNothingAndLeaveTheSessionWaiting/garbage_under_a_multipart_type","Output":"--- PASS: TestRejectedRequestsWriteNothingAndLeaveTheSessionWaiting/garbage_under_a_multipart_type (0.00s)\n","OutputType":"frame"}
{"Time":"2026-10-11T00:24:19.194205-04:00","Action":"pass","Package":"fairdrop/internal/server","Test":"TestRejectedRequestsWriteNothingAndLeaveTheSessionWaiting/garbage_under_a_multipart_type","Elapsed":0}
{"Time":"2026-10-11T00:24:19.194209-04:00","Action":"run","Package":"fairdrop/internal/server","Test":"TestRejectedRequestsWriteNothingAndLeaveTheSessionWaiting/an_empty_body"}
{"Time":"2026-10-11T00:24:19.194211-04:00","Action":"output","Package":"fairdrop/internal/server","Test":"TestRejectedRequestsWriteNothingAndLeaveTheSessionWaiting/an_empty_body","Output":"=== RUN   TestRejectedRequestsWriteNothingAndLeaveTheSessionWaiting/an_empty_body\n","OutputType":"frame"}
{"Time":"2026-10-11T00:24:19.19917-04:00","Action":"output","Package":"fairdrop/internal/server","Test":"TestRejectedRequestsWriteNothingAndLeaveTheSessionWaiting/an_empty_body","Output":"--- PASS: TestRejectedRequestsWriteNothingAndLeaveTheSessionWaiting/an_empty_body (0.00s)\n","OutputType":"frame"}
{"Time":"2026-10-11T00:24:19.199181-04:00","Action":"pass","Package":"fairdrop/internal/server","Test":"TestRejectedRequestsWriteNothingAndLeaveTheSessionWaiting/an_empty_body","Elapsed":0}
{"Time":"2026-10-11T00:24:19.199184-04:00","Action":"output","Package":"fairdrop/internal/server","Test":"TestRejectedRequestsWriteNothingAndLeaveTheSessionWaiting","Output":"--- PASS: TestRejectedRequestsWriteNothingAndLeaveTheSessionWaiting (0.05s)\n","OutputType":"frame"}
{"Time":"2026-10-11T00:24:19.199186-04:00","Action":"pass","Package":"fairdrop/internal/server","Test":"TestRejectedRequestsWriteNothingAndLeaveTheSessionWaiting","Elapsed":0.05}
{"Time":"2026-10-11T00:24:19.199209-04:00","Action":"output","Package":"fairdrop/internal/server","Output":"PASS\n","OutputType":"frame"}
{"Time":"2026-10-11T00:24:19.200019-04:00","Action":"output","Package":"fairdrop/internal/server","Output":"ok  \tfairdrop/internal/server\t0.318s\n"}
{"Time":"2026-10-11T00:24:19.200026-04:00","Action":"pass","Package":"fairdrop/internal/server","Elapsed":0.318}
