{"Time":"2026-10-11T00:24:24.471476-04:00","Action":"start","Package":"fairdrop/internal/transfer"}
{"Time":"2026-10-11T00:24:24.713901-04:00","Action":"run","Package":"fairdrop/internal/transfer","Test":"TestStartReceiveIsAdmittedOnlyFromIdle"}
{"Time":"2026-10-11T00:24:24.714056-04:00","Action":"output","Package":"fairdrop/internal/transfer","Test":"TestStartReceiveIsAdmittedOnlyFromIdle","Output":"=== RUN   TestStartReceiveIsAdmittedOnlyFromIdle\n","OutputType":"frame"}
{"Time":"2026-10-11T00:24:24.714126-04:00","Action":"run","Package":"fairdrop/internal/transfer","Test":"TestStartReceiveIsAdmittedOnlyFromIdle/a_staged_send"}
{"Time":"2026-10-11T00:24:24.714133-04:00","Action":"output","Package":"fairdrop/internal/transfer","Test":"TestStartReceiveIsAdmittedOnlyFromIdle/a_staged_send","Output":"=== RUN   TestStartReceiveIsAdmittedOnlyFromIdle/a_staged_send\n","OutputType":"frame"}
{"Time":"2026-10-11T00:24:24.714653-04:00","Action":"output","Package":"fairdrop/internal/transfer","Test":"TestStartReceiveIsAdmittedOnlyFromIdle/a_staged_send","Output":"    coordinator_receive_test.go:159: StartReceive code = \"\" (\u003cnil\u003e), want busy\n","OutputType":"error"}
{"Time":"2026-10-11T00:24:24.71481-04:00","Action":"output","Package":"fairdrop/internal/transfer","Test":"TestStartReceiveIsAdmittedOnlyFromIdle/a_staged_send","Output":"--- FAIL: TestStartReceiveIsAdmittedOnlyFromIdle/a_staged_send (0.00s)\n","OutputType":"frame"}
{"Time":"2026-10-11T00:24:24.714819-04:00","Action":"fail","Package":"fairdrop/internal/transfer","Test":"TestStartReceiveIsAdmittedOnlyFromIdle/a_staged_send","Elapsed":0}
{"Time":"2026-10-11T00:24:24.71485-04:00","Action":"run","Package":"fairdrop/internal/transfer","Test":"TestStartReceiveIsAdmittedOnlyFromIdle/a_waiting_receive"}
{"Time":"2026-10-11T00:24:24.71488-04:00","Action":"output","Package":"fairdrop/internal/transfer","Test":"TestStartReceiveIsAdmittedOnlyFromIdle/a_waiting_receive","Output":"=== RUN   TestStartReceiveIsAdmittedOnlyFromIdle/a_waiting_receive\n","OutputType":"frame"}
{"Time":"2026-10-11T00:24:24.714896-04:00","Action":"output","Package":"fairdrop/internal/transfer","Test":"TestStartReceiveIsAdmittedOnlyFromIdle/a_waiting_receive","Output":"    coordinator_receive_test.go:159: StartReceive code = \"\" (\u003cnil\u003e), want busy\n","OutputType":"error"}
{"Time":"2026-10-11T00:24:24.715236-04:00","Action":"output","Package":"fairdrop/internal/transfer","Test":"TestStartReceiveIsAdmittedOnlyFromIdle/a_waiting_receive","Output":"--- FAIL: TestStartReceiveIsAdmittedOnlyFromIdle/a_waiting_receive (0.00s)\n","OutputType":"frame"}
{"Time":"2026-10-11T00:24:24.715247-04:00","Action":"fail","Package":"fairdrop/internal/transfer","Test":"TestStartReceiveIsAdmittedOnlyFromIdle/a_waiting_receive","Elapsed":0}
{"Time":"2026-10-11T00:24:24.715268-04:00","Action":"run","Package":"fairdrop/internal/transfer","Test":"TestStartReceiveIsAdmittedOnlyFromIdle/a_transferring_receive"}
{"Time":"2026-10-11T00:24:24.715274-04:00","Action":"output","Package":"fairdrop/internal/transfer","Test":"TestStartReceiveIsAdmittedOnlyFromIdle/a_transferring_receive","Output":"=== RUN   TestStartReceiveIsAdmittedOnlyFromIdle/a_transferring_receive\n","OutputType":"frame"}
{"Time":"2026-10-11T00:24:24.715413-04:00","Action":"output","Package":"fairdrop/internal/transfer","Test":"TestStartReceiveIsAdmittedOnlyFromIdle/a_transferring_receive","Output":"    coordinator_receive_test.go:159: StartReceive code = \"\" (\u003cnil\u003e), want busy\n","OutputType":"error"}
{"Time":"2026-10-11T00:24:24.715459-04:00","Action":"output","Package":"fairdrop/internal/transfer","Test":"TestStartReceiveIsAdmittedOnlyFromIdle/a_transferring_receive","Output":"--- FAIL: TestStartReceiveIsAdmittedOnlyFromIdle/a_transferring_receive (0.00s)\n","OutputType":"frame"}
{"Time":"2026-10-11T00:24:24.715468-04:00","Action":"fail","Package":"fairdrop/internal/transfer","Test":"TestStartReceiveIsAdmittedOnlyFromIdle/a_transferring_receive","Elapsed":0}
{"Time":"2026-10-11T00:24:24.71548-04:00","Action":"run","Package":"fairdrop/internal/transfer","Test":"TestStartReceiveIsAdmittedOnlyFromIdle/a_transferring_send"}
{"Time":"2026-10-11T00:24:24.715485-04:00","Action":"output","Package":"fairdrop/internal/transfer","Test":"TestStartReceiveIsAdmittedOnlyFromIdle/a_transferring_send","Output":"=== RUN   TestStartReceiveIsAdmittedOnlyFromIdle/a_transferring_send\n","OutputType":"frame"}
{"Time":"2026-10-11T00:24:24.715563-04:00","Action":"output","Package":"fairdrop/internal/transfer","Test":"TestStartReceiveIsAdmittedOnlyFromIdle/a_transferring_send","Output":"    coordinator_receive_test.go:159: StartReceive code = \"\" (\u003cnil\u003e), want busy\n","OutputType":"error"}
{"Time":"2026-10-11T00:24:24.715603-04:00","Action":"output","Package":"fairdrop/internal/transfer","Test":"TestStartReceiveIsAdmittedOnlyFromIdle/a_transferring_send","Output":"--- FAIL: TestStartReceiveIsAdmittedOnlyFromIdle/a_transferring_send (0.00s)\n","OutputType":"frame"}
{"Time":"2026-10-11T00:24:24.71561-04:00","Action":"fail","Package":"fairdrop/internal/transfer","Test":"TestStartReceiveIsAdmittedOnlyFromIdle/a_transferring_send","Elapsed":0}
{"Time":"2026-10-11T00:24:24.715624-04:00","Action":"run","Package":"fairdrop/internal/transfer","Test":"TestStartReceiveIsAdmittedOnlyFromIdle/a_completed_receive_that_has_not_been_left"}
{"Time":"2026-10-11T00:24:24.715629-04:00","Action":"output","Package":"fairdrop/internal/transfer","Test":"TestStartReceiveIsAdmittedOnlyFromIdle/a_completed_receive_that_has_not_been_left","Output":"=== RUN   TestStartReceiveIsAdmittedOnlyFromIdle/a_completed_receive_that_has_not_been_left\n","OutputType":"frame"}
{"Time":"2026-10-11T00:24:24.716043-04:00","Action":"output","Package":"fairdrop/internal/transfer","Test":"TestStartReceiveIsAdmittedOnlyFromIdle/a_completed_receive_that_has_not_been_left","Output":"    coordinator_receive_test.go:159: StartReceive code = \"\" (\u003cnil\u003e), want busy\n","OutputType":"error"}
{"Time":"2026-10-11T00:24:24.716101-04:00","Action":"output","Package":"fairdrop/internal/transfer","Test":"TestStartReceiveIsAdmittedOnlyFromIdle/a_completed_receive_that_has_not_been_left","Output":"--- FAIL: TestStartReceiveIsAdmittedOnlyFromIdle/a_completed_receive_that_has_not_been_left (0.00s)\n","OutputType":"frame"}
{"Time":"2026-10-11T00:24:24.716109-04:00","Action":"fail","Package":"fairdrop/internal/transfer","Test":"TestStartReceiveIsAdmittedOnlyFromIdle/a_completed_receive_that_has_not_been_left","Elapsed":0}
{"Time":"2026-10-11T00:24:24.716136-04:00","Action":"output","Package":"fairdrop/internal/transfer","Test":"TestStartReceiveIsAdmittedOnlyFromIdle","Output":"--- FAIL: TestStartReceiveIsAdmittedOnlyFromIdle (0.00s)\n","OutputType":"frame"}
{"Time":"2026-10-11T00:24:24.716143-04:00","Action":"fail","Package":"fairdrop/internal/transfer","Test":"TestStartReceiveIsAdmittedOnlyFromIdle","Elapsed":0}
{"Time":"2026-10-11T00:24:24.716172-04:00","Action":"output","Package":"fairdrop/internal/transfer","Output":"FAIL\n","OutputType":"frame"}
{"Time":"2026-10-11T00:24:24.717265-04:00","Action":"output","Package":"fairdrop/internal/transfer","Output":"FAIL\tfairdrop/internal/transfer\t0.245s\n","OutputType":"frame"}
{"Time":"2026-10-11T00:24:24.717279-04:00","Action":"fail","Package":"fairdrop/internal/transfer","Elapsed":0.246}
