{"Time":"2026-10-11T00:24:23.738279-04:00","Action":"start","Package":"fairdrop/internal/transfer"}
{"Time":"2026-10-11T00:24:23.978364-04:00","Action":"run","Package":"fairdrop/internal/transfer","Test":"TestStartReceiveIsAdmittedOnlyFromIdle"}
{"Time":"2026-10-11T00:24:23.978505-04:00","Action":"output","Package":"fairdrop/internal/transfer","Test":"TestStartReceiveIsAdmittedOnlyFromIdle","Output":"=== RUN   TestStartReceiveIsAdmittedOnlyFromIdle\n","OutputType":"frame"}
{"Time":"2026-10-11T00:24:23.978585-04:00","Action":"run","Package":"fairdrop/internal/transfer","Test":"TestStartReceiveIsAdmittedOnlyFromIdle/a_staged_send"}
{"Time":"2026-10-11T00:24:23.978591-04:00","Action":"output","Package":"fairdrop/internal/transfer","Test":"TestStartReceiveIsAdmittedOnlyFromIdle/a_staged_send","Output":"=== RUN   TestStartReceiveIsAdmittedOnlyFromIdle/a_staged_send\n","OutputType":"frame"}
{"Time":"2026-10-11T00:24:23.978991-04:00","Action":"output","Package":"fairdrop/internal/transfer","Test":"TestStartReceiveIsAdmittedOnlyFromIdle/a_staged_send","Output":"--- PASS: TestStartReceiveIsAdmittedOnlyFromIdle/a_staged_send (0.00s)\n","OutputType":"frame"}
{"Time":"2026-10-11T00:24:23.979002-04:00","Action":"pass","Package":"fairdrop/internal/transfer","Test":"TestStartReceiveIsAdmittedOnlyFromIdle/a_staged_send","Elapsed":0}
{"Time":"2026-10-11T00:24:23.97902-04:00","Action":"run","Package":"fairdrop/internal/transfer","Test":"TestStartReceiveIsAdmittedOnlyFromIdle/a_waiting_receive"}
{"Time":"2026-10-11T00:24:23.979035-04:00","Action":"output","Package":"fairdrop/internal/transfer","Test":"TestStartReceiveIsAdmittedOnlyFromIdle/a_waiting_receive","Output":"=== RUN   TestStartReceiveIsAdmittedOnlyFromIdle/a_waiting_receive\n","OutputType":"frame"}
{"Time":"2026-10-11T00:24:23.979103-04:00","Action":"output","Package":"fairdrop/internal/transfer","Test":"TestStartReceiveIsAdmittedOnlyFromIdle/a_waiting_receive","Output":"--- PASS: TestStartReceiveIsAdmittedOnlyFromIdle/a_waiting_receive (0.00s)\n","OutputType":"frame"}
{"Time":"2026-10-11T00:24:23.979114-04:00","Action":"pass","Package":"fairdrop/internal/transfer","Test":"TestStartReceiveIsAdmittedOnlyFromIdle/a_waiting_receive","Elapsed":0}
{"Time":"2026-10-11T00:24:23.979133-04:00","Action":"run","Package":"fairdrop/internal/transfer","Test":"TestStartReceiveIsAdmittedOnlyFromIdle/a_transferring_receive"}
{"Time":"2026-10-11T00:24:23.979136-04:00","Action":"output","Package":"fairdrop/internal/transfer","Test":"TestStartReceiveIsAdmittedOnlyFromIdle/a_transferring_receive","Output":"=== RUN   TestStartReceiveIsAdmittedOnlyFromIdle/a_transferring_receive\n","OutputType":"frame"}
{"Time":"2026-10-11T00:24:23.979195-04:00","Action":"output","Package":"fairdrop/internal/transfer","Test":"TestStartReceiveIsAdmittedOnlyFromIdle/a_transferring_receive","Output":"--- PASS: TestStartReceiveIsAdmittedOnlyFromIdle/a_transferring_receive (0.00s)\n","OutputType":"frame"}
{"Time":"2026-10-11T00:24:23.979203-04:00","Action":"pass","Package":"fairdrop/internal/transfer","Test":"TestStartReceiveIsAdmittedOnlyFromIdle/a_transferring_receive","Elapsed":0}
{"Time":"2026-10-11T00:24:23.979217-04:00","Action":"run","Package":"fairdrop/internal/transfer","Test":"TestStartReceiveIsAdmittedOnlyFromIdle/a_transferring_send"}
{"Time":"2026-10-11T00:24:23.979221-04:00","Action":"output","Package":"fairdrop/internal/transfer","Test":"TestStartReceiveIsAdmittedOnlyFromIdle/a_transferring_send","Output":"=== RUN   TestStartReceiveIsAdmittedOnlyFromIdle/a_transferring_send\n","OutputType":"frame"}
{"Time":"2026-10-11T00:24:23.979282-04:00","Action":"output","Package":"fairdrop/internal/transfer","Test":"TestStartReceiveIsAdmittedOnlyFromIdle/a_transferring_send","Output":"--- PASS: TestStartReceiveIsAdmittedOnlyFromIdle/a_transferring_send (0.00s)\n","OutputType":"frame"}
{"Time":"2026-10-11T00:24:23.979293-04:00","Action":"pass","Package":"fairdrop/internal/transfer","Test":"TestStartReceiveIsAdmittedOnlyFromIdle/a_transferring_send","Elapsed":0}
{"Time":"2026-10-11T00:24:23.979312-04:00","Action":"run","Package":"fairdrop/internal/transfer","Test":"TestStartReceiveIsAdmittedOnlyFromIdle/a_completed_receive_that_has_not_been_left"}
{"Time":"2026-10-11T00:24:23.979317-04:00","Action":"output","Package":"fairdrop/internal/transfer","Test":"TestStartReceiveIsAdmittedOnlyFromIdle/a_completed_receive_that_has_not_been_left","Output":"=== RUN   TestStartReceiveIsAdmittedOnlyFromIdle/a_completed_receive_that_has_not_been_left\n","OutputType":"frame"}
{"Time":"2026-10-11T00:24:23.979691-04:00","Action":"output","Package":"fairdrop/internal/transfer","Test":"TestStartReceiveIsAdmittedOnlyFromIdle/a_completed_receive_that_has_not_been_left","Output":"--- PASS: TestStartReceiveIsAdmittedOnlyFromIdle/a_completed_receive_that_has_not_been_left (0.00s)\n","OutputType":"frame"}
{"Time":"2026-10-11T00:24:23.979701-04:00","Action":"pass","Package":"fairdrop/internal/transfer","Test":"TestStartReceiveIsAdmittedOnlyFromIdle/a_completed_receive_that_has_not_been_left","Elapsed":0}
{"Time":"2026-10-11T00:24:23.979713-04:00","Action":"output","Package":"fairdrop/internal/transfer","Test":"TestStartReceiveIsAdmittedOnlyFromIdle","Output":"--- PASS: TestStartReceiveIsAdmittedOnlyFromIdle (0.00s)\n","OutputType":"frame"}
{"Time":"2026-10-11T00:24:23.979718-04:00","Action":"pass","Package":"fairdrop/internal/transfer","Test":"TestStartReceiveIsAdmittedOnlyFromIdle","Elapsed":0}
{"Time":"2026-10-11T00:24:23.979728-04:00","Action":"output","Package":"fairdrop/internal/transfer","Output":"PASS\n","OutputType":"frame"}
{"Time":"2026-10-11T00:24:23.980862-04:00","Action":"output","Package":"fairdrop/internal/transfer","Output":"ok  \tfairdrop/internal/transfer\t0.242s\n"}
{"Time":"2026-10-11T00:24:23.980878-04:00","Action":"pass","Package":"fairdrop/internal/transfer","Elapsed":0.243}
