{"Time":"2026-10-11T00:24:34.524126-04:00","Action":"start","Package":"fairdrop"}
{"Time":"2026-10-11T00:24:34.831558-04:00","Action":"run","Package":"fairdrop","Test":"TestTheFileManagerCommandIsAnArgumentVectorNeverAShellLine"}
{"Time":"2026-10-11T00:24:34.831689-04:00","Action":"output","Package":"fairdrop","Test":"TestTheFileManagerCommandIsAnArgumentVectorNeverAShellLine","Output":"=== RUN   TestTheFileManagerCommandIsAnArgumentVectorNeverAShellLine\n","OutputType":"frame"}
{"Time":"2026-10-11T00:24:34.83177-04:00","Action":"output","Package":"fairdrop","Test":"TestTheFileManagerCommandIsAnArgumentVectorNeverAShellLine","Output":"    app_receive_test.go:307: darwin: program = \"sh\", want \"open\"\n","OutputType":"error"}
{"Time":"2026-10-11T00:24:34.83206-04:00","Action":"output","Package":"fairdrop","Test":"TestTheFileManagerCommandIsAnArgumentVectorNeverAShellLine","Output":"    app_receive_test.go:310: darwin: arguments = [\"-c\" \"open /Users/receiver/Phone Photos/FairDrop 2026-10-10 14.05\"], want the path as exactly one untouched argument\n","OutputType":"error"}
{"Time":"2026-10-11T00:24:34.832102-04:00","Action":"output","Package":"fairdrop","Test":"TestTheFileManagerCommandIsAnArgumentVectorNeverAShellLine","Output":"    app_receive_test.go:314: darwin: the program is the shell \"sh\"\n","OutputType":"error"}
{"Time":"2026-10-11T00:24:34.832109-04:00","Action":"output","Package":"fairdrop","Test":"TestTheFileManagerCommandIsAnArgumentVectorNeverAShellLine","Output":"    app_receive_test.go:307: darwin: program = \"sh\", want \"open\"\n","OutputType":"error"}
{"Time":"2026-10-11T00:24:34.832114-04:00","Action":"output","Package":"fairdrop","Test":"TestTheFileManagerCommandIsAnArgumentVectorNeverAShellLine","Output":"    app_receive_test.go:310: darwin: arguments = [\"-c\" \"open /tmp/a b; rm -rf ~ \u0026 echo \\\"x\\\" | cat $(whoami) `id` \u003e /tmp/owned\"], want the path as exactly one untouched argument\n","OutputType":"error"}
{"Time":"2026-10-11T00:24:34.832132-04:00","Action":"output","Package":"fairdrop","Test":"TestTheFileManagerCommandIsAnArgumentVectorNeverAShellLine","Output":"    app_receive_test.go:314: darwin: the program is the shell \"sh\"\n","OutputType":"error"}
{"Time":"2026-10-11T00:24:34.832151-04:00","Action":"output","Package":"fairdrop","Test":"TestTheFileManagerCommandIsAnArgumentVectorNeverAShellLine","Output":"    app_receive_test.go:307: darwin: program = \"sh\", want \"open\"\n","OutputType":"error"}
{"Time":"2026-10-11T00:24:34.832157-04:00","Action":"output","Package":"fairdrop","Test":"TestTheFileManagerCommandIsAnArgumentVectorNeverAShellLine","Output":"    app_receive_test.go:310: darwin: arguments = [\"-c\" \"open /tmp/--help\"], want the path as exactly one untouched argument\n","OutputType":"error"}
{"Time":"2026-10-11T00:24:34.832161-04:00","Action":"output","Package":"fairdrop","Test":"TestTheFileManagerCommandIsAnArgumentVectorNeverAShellLine","Output":"    app_receive_test.go:314: darwin: the program is the shell \"sh\"\n","OutputType":"error"}
{"Time":"2026-10-11T00:24:34.832165-04:00","Action":"output","Package":"fairdrop","Test":"TestTheFileManagerCommandIsAnArgumentVectorNeverAShellLine","Output":"    app_receive_test.go:307: darwin: program = \"sh\", want \"open\"\n","OutputType":"error"}
{"Time":"2026-10-11T00:24:34.832176-04:00","Action":"output","Package":"fairdrop","Test":"TestTheFileManagerCommandIsAnArgumentVectorNeverAShellLine","Output":"    app_receive_test.go:310: darwin: arguments = [\"-c\" \"open /tmp/it's a 'quoted' dir\"], want the path as exactly one untouched argument\n","OutputType":"error"}
{"Time":"2026-10-11T00:24:34.83218-04:00","Action":"output","Package":"fairdrop","Test":"TestTheFileManagerCommandIsAnArgumentVectorNeverAShellLine","Output":"    app_receive_test.go:314: darwin: the program is the shell \"sh\"\n","OutputType":"error"}
{"Time":"2026-10-11T00:24:34.832209-04:00","Action":"output","Package":"fairdrop","Test":"TestTheFileManagerCommandIsAnArgumentVectorNeverAShellLine","Output":"--- FAIL: TestTheFileManagerCommandIsAnArgumentVectorNeverAShellLine (0.00s)\n","OutputType":"frame"}
{"Time":"2026-10-11T00:24:34.832229-04:00","Action":"fail","Package":"fairdrop","Test":"TestTheFileManagerCommandIsAnArgumentVectorNeverAShellLine","Elapsed":0}
{"Time":"2026-10-11T00:24:34.832255-04:00","Action":"output","Package":"fairdrop","Output":"FAIL\n","OutputType":"frame"}
{"Time":"2026-10-11T00:24:34.83386-04:00","Action":"output","Package":"fairdrop","Output":"FAIL\tfairdrop\t0.309s\n","OutputType":"frame"}
{"Time":"2026-10-11T00:24:34.833893-04:00","Action":"fail","Package":"fairdrop","Elapsed":0.31}
