=== RUN   TestAppIconMasterGeometry
--- PASS: TestAppIconMasterGeometry (0.05s)
=== RUN   TestAppIconNoOpaqueBackdrop
--- PASS: TestAppIconNoOpaqueBackdrop (0.04s)
=== RUN   TestAppIconCarriesRealColour
--- PASS: TestAppIconCarriesRealColour (0.04s)
=== RUN   TestAppIconEveryIcoEntryCarriesTheArtwork
--- PASS: TestAppIconEveryIcoEntryCarriesTheArtwork (0.00s)
=== RUN   TestAppIconIcoCarriesTheFullWailsSizeSet
--- PASS: TestAppIconIcoCarriesTheFullWailsSizeSet (0.00s)
=== RUN   TestAppIconMasterMatchesIcoFreshness
    appicon_test.go:938: 256x256: distance 0.616 (measured 0.616, bound 0.924)
    appicon_test.go:938: 128x128: distance 1.031 (measured 1.031, bound 1.546)
    appicon_test.go:938: 64x64: distance 1.512 (measured 1.512, bound 2.268)
    appicon_test.go:938: 48x48: distance 2.140 (measured 2.140, bound 3.210)
    appicon_test.go:938: 32x32: distance 2.552 (measured 2.552, bound 3.828)
    appicon_test.go:938: 16x16: distance 4.109 (measured 4.109, bound 6.163)
--- PASS: TestAppIconMasterMatchesIcoFreshness (0.07s)
=== RUN   TestAppIconMasterAppliesAlphaOnce
    appicon_test.go:1159: runs 1902 (leading 951, trailing 951); low-alpha mean 3.172 over 6758, high-alpha mean 2.621 over 6874
--- PASS: TestAppIconMasterAppliesAlphaOnce (0.05s)
=== RUN   TestAppIconSourceRenderIsThePinnedGeometry
    appicon_test.go:1255: build/appicon-source.jpg has sha256 b3b0dc84bc000ca75d474363b93f9b3ff9a72382dafb96dee0e991d0b34aade8, want b0aeab41a13f4b81fd0eea778323979708594c7fd862f20bb415183be41f61b0 -- this is not the render the crop geometry was fitted against. If the artwork is deliberately changing, re-fit the geometry and update both this constant and EXPECTED_SOURCE_SHA256 in scripts/build-appicon.py
--- FAIL: TestAppIconSourceRenderIsThePinnedGeometry (0.04s)
FAIL
FAIL	fairdrop	0.534s
FAIL
