=== RUN   TestAppIconMasterGeometry
--- PASS: TestAppIconMasterGeometry (0.05s)
=== RUN   TestAppIconNoOpaqueBackdrop
--- PASS: TestAppIconNoOpaqueBackdrop (0.04s)
=== RUN   TestAppIconCarriesRealColour
    appicon_test.go:815: build/windows/icon.ico (256x256 entry): mean central-40% HSV saturation over 10609 opaque pixels = 0.005, want > 0.25 -- this is what the Wails scaffold's white-field, black-"W" placeholder (~0.010) measures
--- FAIL: TestAppIconCarriesRealColour (0.03s)
=== RUN   TestAppIconEveryIcoEntryCarriesTheArtwork
    appicon_test.go:837: build/windows/icon.ico (256x256 entry): mean central-40% HSV saturation over 10609 opaque pixels = 0.005, want > 0.25 -- this is what the Wails scaffold's white-field, black-"W" placeholder (~0.010) measures
    appicon_test.go:837: build/windows/icon.ico (128x128 entry): mean central-40% HSV saturation over 2601 opaque pixels = 0.000, want > 0.25 -- this is what the Wails scaffold's white-field, black-"W" placeholder (~0.010) measures
    appicon_test.go:837: build/windows/icon.ico (64x64 entry): mean central-40% HSV saturation over 625 opaque pixels = 0.001, want > 0.25 -- this is what the Wails scaffold's white-field, black-"W" placeholder (~0.010) measures
    appicon_test.go:837: build/windows/icon.ico (32x32 entry): mean central-40% HSV saturation over 169 opaque pixels = 0.001, want > 0.25 -- this is what the Wails scaffold's white-field, black-"W" placeholder (~0.010) measures
    appicon_test.go:837: build/windows/icon.ico (24x24 entry): mean central-40% HSV saturation over 81 opaque pixels = 0.000, want > 0.25 -- this is what the Wails scaffold's white-field, black-"W" placeholder (~0.010) measures
    appicon_test.go:837: build/windows/icon.ico (16x16 entry): mean central-40% HSV saturation over 49 opaque pixels = 0.000, want > 0.25 -- this is what the Wails scaffold's white-field, black-"W" placeholder (~0.010) measures
--- FAIL: TestAppIconEveryIcoEntryCarriesTheArtwork (0.00s)
=== RUN   TestAppIconIcoCarriesTheFullWailsSizeSet
    appicon_test.go:865: build/windows/icon.ico is missing size(s) [48] from the set {[256 128 64 48 32 16]} Wails passes to winicon.GenerateIcon at packager.go:217 (has [256x256 128x128 64x64 32x32 24x24 16x16])
    appicon_test.go:884: build/windows/icon.ico carries 6 entries [256x256 128x128 64x64 32x32 24x24 16x16], want exactly the 6-entry set {[256 128 64 48 32 16]} winicon.GenerateIcon emits for the literal at packager.go:217 (unexpected: [24x24]) -- an extra entry means this .ico was not produced by that call alone
--- FAIL: TestAppIconIcoCarriesTheFullWailsSizeSet (0.00s)
=== RUN   TestAppIconMasterMatchesIcoFreshness
    appicon_test.go:938: 256x256: distance 94.957 (measured 0.616, bound 0.924)
    appicon_test.go:955: build/appicon.png downsampled to 256x256 differs from build/windows/icon.ico's 256x256 entry by a mean 94.957 per channel (0-255 scale), want <= 0.924 (1.5x the 0.616 these assets measure when they genuinely match) -- the .ico was not generated from this master. If you changed the artwork, delete build/windows/icon.ico and re-run `wails build`: Wails only generates it when absent.
    appicon_test.go:938: 128x128: distance 94.204 (measured 1.031, bound 1.546)
    appicon_test.go:955: build/appicon.png downsampled to 128x128 differs from build/windows/icon.ico's 128x128 entry by a mean 94.204 per channel (0-255 scale), want <= 1.546 (1.5x the 1.031 these assets measure when they genuinely match) -- the .ico was not generated from this master. If you changed the artwork, delete build/windows/icon.ico and re-run `wails build`: Wails only generates it when absent.
    appicon_test.go:938: 64x64: distance 93.194 (measured 1.512, bound 2.268)
    appicon_test.go:955: build/appicon.png downsampled to 64x64 differs from build/windows/icon.ico's 64x64 entry by a mean 93.194 per channel (0-255 scale), want <= 2.268 (1.5x the 1.512 these assets measure when they genuinely match) -- the .ico was not generated from this master. If you changed the artwork, delete build/windows/icon.ico and re-run `wails build`: Wails only generates it when absent.
    appicon_test.go:938: 32x32: distance 90.424 (measured 2.552, bound 3.828)
    appicon_test.go:955: build/appicon.png downsampled to 32x32 differs from build/windows/icon.ico's 32x32 entry by a mean 90.424 per channel (0-255 scale), want <= 3.828 (1.5x the 2.552 these assets measure when they genuinely match) -- the .ico was not generated from this master. If you changed the artwork, delete build/windows/icon.ico and re-run `wails build`: Wails only generates it when absent.
    appicon_test.go:928: build/windows/icon.ico carries a 24x24 entry with no measured same-artwork distance -- add one to measuredEntryDistance255 (measure it, do not guess) before this size can be checked
    appicon_test.go:938: 16x16: distance 83.900 (measured 4.109, bound 6.163)
    appicon_test.go:955: build/appicon.png downsampled to 16x16 differs from build/windows/icon.ico's 16x16 entry by a mean 83.900 per channel (0-255 scale), want <= 6.163 (1.5x the 4.109 these assets measure when they genuinely match) -- the .ico was not generated from this master. If you changed the artwork, delete build/windows/icon.ico and re-run `wails build`: Wails only generates it when absent.
    appicon_test.go:968: build/windows/icon.ico: the 48x48 entry was never compared against the master
    appicon_test.go:972: build/windows/icon.ico: compared 5 distinct sizes against the master, want 6
--- FAIL: TestAppIconMasterMatchesIcoFreshness (0.06s)
=== RUN   TestAppIconMasterAppliesAlphaOnce
    appicon_test.go:1159: runs 1902 (leading 951, trailing 951); low-alpha mean 3.172 over 6758, high-alpha mean 2.621 over 6874
--- PASS: TestAppIconMasterAppliesAlphaOnce (0.05s)
=== RUN   TestAppIconSourceRenderIsThePinnedGeometry
--- PASS: TestAppIconSourceRenderIsThePinnedGeometry (0.06s)
FAIL
FAIL	fairdrop	0.574s
FAIL
