=== RUN   TestAppIconMasterGeometry
    appicon_test.go:723: build/appicon.png: only 6 contiguous fully-transparent row(s) from the top edge, want >= 12 -- the master must carry a real transparent band top and bottom from centring the non-square plaque in the square canvas, not the plaque stretched to fill it (which leaves only the erosion's own few-pixel margin)
    appicon_test.go:724: build/appicon.png: only 6 contiguous fully-transparent row(s) from the bottom edge, want >= 12 -- the master must carry a real transparent band top and bottom from centring the non-square plaque in the square canvas, not the plaque stretched to fill it (which leaves only the erosion's own few-pixel margin)
--- FAIL: TestAppIconMasterGeometry (0.05s)
=== RUN   TestAppIconNoOpaqueBackdrop
    appicon_test.go:795: build/appicon.png: only 68.4% of the outer 12px border ring is fully transparent, want at least 75% -- the ring is not overwhelmingly transparent, so an opaque backdrop likely survived
--- FAIL: TestAppIconNoOpaqueBackdrop (0.04s)
=== RUN   TestAppIconCarriesRealColour
--- PASS: TestAppIconCarriesRealColour (0.03s)
=== RUN   TestAppIconEveryIcoEntryCarriesTheArtwork
--- PASS: TestAppIconEveryIcoEntryCarriesTheArtwork (0.00s)
=== RUN   TestAppIconIcoCarriesTheFullWailsSizeSet
--- PASS: TestAppIconIcoCarriesTheFullWailsSizeSet (0.00s)
=== RUN   TestAppIconMasterMatchesIcoFreshness
    appicon_test.go:938: 256x256: distance 11.002 (measured 0.616, bound 0.924)
    appicon_test.go:955: build/appicon.png downsampled to 256x256 differs from build/windows/icon.ico's 256x256 entry by a mean 11.002 per channel (0-255 scale), want <= 0.924 (1.5x the 0.616 these assets measure when they genuinely match) -- the .ico was not generated from this master. If you changed the artwork, delete build/windows/icon.ico and re-run `wails build`: Wails only generates it when absent.
    appicon_test.go:938: 128x128: distance 10.884 (measured 1.031, bound 1.546)
    appicon_test.go:955: build/appicon.png downsampled to 128x128 differs from build/windows/icon.ico's 128x128 entry by a mean 10.884 per channel (0-255 scale), want <= 1.546 (1.5x the 1.031 these assets measure when they genuinely match) -- the .ico was not generated from this master. If you changed the artwork, delete build/windows/icon.ico and re-run `wails build`: Wails only generates it when absent.
    appicon_test.go:938: 64x64: distance 10.078 (measured 1.512, bound 2.268)
    appicon_test.go:955: build/appicon.png downsampled to 64x64 differs from build/windows/icon.ico's 64x64 entry by a mean 10.078 per channel (0-255 scale), want <= 2.268 (1.5x the 1.512 these assets measure when they genuinely match) -- the .ico was not generated from this master. If you changed the artwork, delete build/windows/icon.ico and re-run `wails build`: Wails only generates it when absent.
    appicon_test.go:938: 48x48: distance 9.779 (measured 2.140, bound 3.210)
    appicon_test.go:955: build/appicon.png downsampled to 48x48 differs from build/windows/icon.ico's 48x48 entry by a mean 9.779 per channel (0-255 scale), want <= 3.210 (1.5x the 2.140 these assets measure when they genuinely match) -- the .ico was not generated from this master. If you changed the artwork, delete build/windows/icon.ico and re-run `wails build`: Wails only generates it when absent.
    appicon_test.go:938: 32x32: distance 8.773 (measured 2.552, bound 3.828)
    appicon_test.go:955: build/appicon.png downsampled to 32x32 differs from build/windows/icon.ico's 32x32 entry by a mean 8.773 per channel (0-255 scale), want <= 3.828 (1.5x the 2.552 these assets measure when they genuinely match) -- the .ico was not generated from this master. If you changed the artwork, delete build/windows/icon.ico and re-run `wails build`: Wails only generates it when absent.
    appicon_test.go:938: 16x16: distance 7.351 (measured 4.109, bound 6.163)
    appicon_test.go:955: build/appicon.png downsampled to 16x16 differs from build/windows/icon.ico's 16x16 entry by a mean 7.351 per channel (0-255 scale), want <= 6.163 (1.5x the 4.109 these assets measure when they genuinely match) -- the .ico was not generated from this master. If you changed the artwork, delete build/windows/icon.ico and re-run `wails build`: Wails only generates it when absent.
--- FAIL: TestAppIconMasterMatchesIcoFreshness (0.07s)
=== RUN   TestAppIconMasterAppliesAlphaOnce
    appicon_test.go:1159: runs 1960 (leading 980, trailing 980); low-alpha mean 9.953 over 6960, high-alpha mean 2.586 over 7108
    appicon_test.go:1172: build/appicon.png: partial-alpha pixels with alpha < 128 deviate from their transition run's local opaque reference pixel by a mean of 9.95 (0-255 scale, 6960 samples across 1960 runs); alpha >= 128 pixels deviate by only 2.59 (7108 samples) -- RGB drifting further from the true colour as alpha drops is what applying alpha twice (pasting an RGBA image using its own alpha as the paste mask) looks like, want <= 8.00
    appicon_test.go:1185: build/appicon.png: low-alpha pixels deviate 9.953 from their local opaque reference while high-alpha pixels deviate only 2.586 -- a ratio of 3.85, want <= 2.00. Uniform photographic noise raises both buckets together; deviation that grows as alpha falls is the signature of alpha applied twice.
--- FAIL: TestAppIconMasterAppliesAlphaOnce (0.05s)
=== RUN   TestAppIconSourceRenderIsThePinnedGeometry
--- PASS: TestAppIconSourceRenderIsThePinnedGeometry (0.06s)
FAIL
FAIL	fairdrop	0.557s
FAIL
