=== RUN   TestAppIconMasterGeometry
--- PASS: TestAppIconMasterGeometry (0.05s)
=== RUN   TestAppIconNoOpaqueBackdrop
    appicon_test.go:801: build/windows/icon.ico (256x256 entry): only 0.0% of the outer 3px border ring is fully transparent, want at least 75% -- the ring is not overwhelmingly transparent, so an opaque backdrop likely survived
--- FAIL: TestAppIconNoOpaqueBackdrop (0.04s)
=== RUN   TestAppIconCarriesRealColour
--- PASS: TestAppIconCarriesRealColour (0.03s)
=== RUN   TestAppIconEveryIcoEntryCarriesTheArtwork
--- PASS: TestAppIconEveryIcoEntryCarriesTheArtwork (0.00s)
=== RUN   TestAppIconIcoCarriesTheFullWailsSizeSet
--- PASS: TestAppIconIcoCarriesTheFullWailsSizeSet (0.00s)
=== RUN   TestAppIconMasterMatchesIcoFreshness
    appicon_test.go:938: 256x256: distance 54.137 (measured 0.616, bound 0.924)
    appicon_test.go:955: build/appicon.png downsampled to 256x256 differs from build/windows/icon.ico's 256x256 entry by a mean 54.137 per channel (0-255 scale), want <= 0.924 (1.5x the 0.616 these assets measure when they genuinely match) -- the .ico was not generated from this master. If you changed the artwork, delete build/windows/icon.ico and re-run `wails build`: Wails only generates it when absent.
    appicon_test.go:938: 128x128: distance 1.031 (measured 1.031, bound 1.546)
    appicon_test.go:938: 64x64: distance 1.512 (measured 1.512, bound 2.268)
    appicon_test.go:938: 48x48: distance 2.140 (measured 2.140, bound 3.210)
    appicon_test.go:938: 32x32: distance 2.552 (measured 2.552, bound 3.828)
    appicon_test.go:938: 16x16: distance 4.109 (measured 4.109, bound 6.163)
--- FAIL: TestAppIconMasterMatchesIcoFreshness (0.06s)
=== RUN   TestAppIconMasterAppliesAlphaOnce
    appicon_test.go:1159: runs 1902 (leading 951, trailing 951); low-alpha mean 3.172 over 6758, high-alpha mean 2.621 over 6874
--- PASS: TestAppIconMasterAppliesAlphaOnce (0.05s)
=== RUN   TestAppIconSourceRenderIsThePinnedGeometry
--- PASS: TestAppIconSourceRenderIsThePinnedGeometry (0.06s)
FAIL
FAIL	fairdrop	0.563s
FAIL
