=== RUN   TestAppIconMasterGeometry
--- PASS: TestAppIconMasterGeometry (0.05s)
=== RUN   TestAppIconNoOpaqueBackdrop
--- PASS: TestAppIconNoOpaqueBackdrop (0.04s)
=== RUN   TestAppIconCarriesRealColour
--- PASS: TestAppIconCarriesRealColour (0.04s)
=== RUN   TestAppIconEveryIcoEntryCarriesTheArtwork
--- PASS: TestAppIconEveryIcoEntryCarriesTheArtwork (0.00s)
=== RUN   TestAppIconIcoCarriesTheFullWailsSizeSet
--- PASS: TestAppIconIcoCarriesTheFullWailsSizeSet (0.00s)
=== RUN   TestAppIconMasterMatchesIcoFreshness
    appicon_test.go:938: 256x256: distance 0.613 (measured 0.616, bound 0.924)
    appicon_test.go:938: 128x128: distance 1.023 (measured 1.031, bound 1.546)
    appicon_test.go:938: 64x64: distance 1.506 (measured 1.512, bound 2.268)
    appicon_test.go:938: 48x48: distance 2.131 (measured 2.140, bound 3.210)
    appicon_test.go:938: 32x32: distance 2.559 (measured 2.552, bound 3.828)
    appicon_test.go:938: 16x16: distance 4.106 (measured 4.109, bound 6.163)
--- PASS: TestAppIconMasterMatchesIcoFreshness (0.07s)
=== RUN   TestAppIconMasterAppliesAlphaOnce
    appicon_test.go:1159: runs 1902 (leading 951, trailing 951); low-alpha mean 6.946 over 6758, high-alpha mean 3.001 over 6874
    appicon_test.go:1185: build/appicon.png: low-alpha pixels deviate 6.946 from their local opaque reference while high-alpha pixels deviate only 3.001 -- a ratio of 2.31, want <= 2.00. Uniform photographic noise raises both buckets together; deviation that grows as alpha falls is the signature of alpha applied twice.
--- FAIL: TestAppIconMasterAppliesAlphaOnce (0.05s)
=== RUN   TestAppIconSourceRenderIsThePinnedGeometry
--- PASS: TestAppIconSourceRenderIsThePinnedGeometry (0.07s)
FAIL
FAIL	fairdrop	0.586s
FAIL
