=== RUN   TestAppIconMasterGeometry
    appicon_test.go:741: build/appicon.png: 0 contiguous fully-transparent column(s) from the left edge, want 1-12 -- the plaque spans the canvas's full width, leaving only the erosion's own ~6px margin, so a wider band means the artwork is narrower than it should be and a narrower one means it is being clipped
    appicon_test.go:741: build/appicon.png: 0 contiguous fully-transparent column(s) from the right edge, want 1-12 -- the plaque spans the canvas's full width, leaving only the erosion's own ~6px margin, so a wider band means the artwork is narrower than it should be and a narrower one means it is being clipped
--- FAIL: TestAppIconMasterGeometry (0.05s)
=== RUN   TestAppIconNoOpaqueBackdrop
    appicon_test.go:795: build/appicon.png: the outer 12px border ring has 2056 near-white pixel(s) (R,G,B all > 200), e.g. (11,160) rgba=(254,254,254,1) -- a baked backdrop (checkerboard or background bloom) survived the derivation
    appicon_test.go:795: build/appicon.png: only 67.0% of the outer 12px border ring is fully transparent, want at least 75% -- the ring is not overwhelmingly transparent, so an opaque backdrop likely survived
--- FAIL: TestAppIconNoOpaqueBackdrop (0.04s)
=== RUN   TestAppIconCarriesRealColour
--- PASS: TestAppIconCarriesRealColour (0.04s)
=== RUN   TestAppIconEveryIcoEntryCarriesTheArtwork
--- PASS: TestAppIconEveryIcoEntryCarriesTheArtwork (0.00s)
=== RUN   TestAppIconIcoCarriesTheFullWailsSizeSet
--- PASS: TestAppIconIcoCarriesTheFullWailsSizeSet (0.00s)
=== RUN   TestAppIconMasterMatchesIcoFreshness
    appicon_test.go:938: 256x256: distance 4.013 (measured 0.616, bound 0.924)
    appicon_test.go:955: build/appicon.png downsampled to 256x256 differs from build/windows/icon.ico's 256x256 entry by a mean 4.013 per channel (0-255 scale), want <= 0.924 (1.5x the 0.616 these assets measure when they genuinely match) -- the .ico was not generated from this master. If you changed the artwork, delete build/windows/icon.ico and re-run `wails build`: Wails only generates it when absent.
    appicon_test.go:938: 128x128: distance 4.350 (measured 1.031, bound 1.546)
    appicon_test.go:955: build/appicon.png downsampled to 128x128 differs from build/windows/icon.ico's 128x128 entry by a mean 4.350 per channel (0-255 scale), want <= 1.546 (1.5x the 1.031 these assets measure when they genuinely match) -- the .ico was not generated from this master. If you changed the artwork, delete build/windows/icon.ico and re-run `wails build`: Wails only generates it when absent.
    appicon_test.go:938: 64x64: distance 4.770 (measured 1.512, bound 2.268)
    appicon_test.go:955: build/appicon.png downsampled to 64x64 differs from build/windows/icon.ico's 64x64 entry by a mean 4.770 per channel (0-255 scale), want <= 2.268 (1.5x the 1.512 these assets measure when they genuinely match) -- the .ico was not generated from this master. If you changed the artwork, delete build/windows/icon.ico and re-run `wails build`: Wails only generates it when absent.
    appicon_test.go:938: 48x48: distance 5.163 (measured 2.140, bound 3.210)
    appicon_test.go:955: build/appicon.png downsampled to 48x48 differs from build/windows/icon.ico's 48x48 entry by a mean 5.163 per channel (0-255 scale), want <= 3.210 (1.5x the 2.140 these assets measure when they genuinely match) -- the .ico was not generated from this master. If you changed the artwork, delete build/windows/icon.ico and re-run `wails build`: Wails only generates it when absent.
    appicon_test.go:938: 32x32: distance 4.762 (measured 2.552, bound 3.828)
    appicon_test.go:955: build/appicon.png downsampled to 32x32 differs from build/windows/icon.ico's 32x32 entry by a mean 4.762 per channel (0-255 scale), want <= 3.828 (1.5x the 2.552 these assets measure when they genuinely match) -- the .ico was not generated from this master. If you changed the artwork, delete build/windows/icon.ico and re-run `wails build`: Wails only generates it when absent.
    appicon_test.go:938: 16x16: distance 5.785 (measured 4.109, bound 6.163)
--- FAIL: TestAppIconMasterMatchesIcoFreshness (0.07s)
=== RUN   TestAppIconMasterAppliesAlphaOnce
    appicon_test.go:1159: runs 832 (leading 416, trailing 416); low-alpha mean 158.691 over 3280, high-alpha mean 34.850 over 3712
    appicon_test.go:1172: build/appicon.png: partial-alpha pixels with alpha < 128 deviate from their transition run's local opaque reference pixel by a mean of 158.69 (0-255 scale, 3280 samples across 832 runs); alpha >= 128 pixels deviate by only 34.85 (3712 samples) -- RGB drifting further from the true colour as alpha drops is what applying alpha twice (pasting an RGBA image using its own alpha as the paste mask) looks like, want <= 8.00
    appicon_test.go:1185: build/appicon.png: low-alpha pixels deviate 158.691 from their local opaque reference while high-alpha pixels deviate only 34.850 -- a ratio of 4.55, want <= 2.00. Uniform photographic noise raises both buckets together; deviation that grows as alpha falls is the signature of alpha applied twice.
--- FAIL: TestAppIconMasterAppliesAlphaOnce (0.05s)
=== RUN   TestAppIconSourceRenderIsThePinnedGeometry
--- PASS: TestAppIconSourceRenderIsThePinnedGeometry (0.07s)
FAIL
FAIL	fairdrop	0.571s
FAIL
