=== RUN   TestAppIconMasterGeometry
--- PASS: TestAppIconMasterGeometry (0.05s)
=== RUN   TestAppIconNoOpaqueBackdrop
--- PASS: TestAppIconNoOpaqueBackdrop (0.04s)
=== RUN   TestAppIconCarriesRealColour
--- PASS: TestAppIconCarriesRealColour (0.04s)
=== RUN   TestAppIconEveryIcoEntryCarriesTheArtwork
--- PASS: TestAppIconEveryIcoEntryCarriesTheArtwork (0.00s)
=== RUN   TestAppIconIcoCarriesTheFullWailsSizeSet
    appicon_test.go:884: build/windows/icon.ico carries 7 entries [256x256 128x128 64x64 48x48 32x32 16x16 24x24], want exactly the 6-entry set {[256 128 64 48 32 16]} winicon.GenerateIcon emits for the literal at packager.go:217 (unexpected: [24x24]) -- an extra entry means this .ico was not produced by that call alone
--- FAIL: TestAppIconIcoCarriesTheFullWailsSizeSet (0.00s)
=== RUN   TestAppIconMasterMatchesIcoFreshness
    appicon_test.go:938: 256x256: distance 0.616 (measured 0.616, bound 0.924)
    appicon_test.go:938: 128x128: distance 1.031 (measured 1.031, bound 1.546)
    appicon_test.go:938: 64x64: distance 1.512 (measured 1.512, bound 2.268)
    appicon_test.go:938: 48x48: distance 2.140 (measured 2.140, bound 3.210)
    appicon_test.go:938: 32x32: distance 2.552 (measured 2.552, bound 3.828)
    appicon_test.go:938: 16x16: distance 4.109 (measured 4.109, bound 6.163)
    appicon_test.go:928: build/windows/icon.ico carries a 24x24 entry with no measured same-artwork distance -- add one to measuredEntryDistance255 (measure it, do not guess) before this size can be checked
--- FAIL: TestAppIconMasterMatchesIcoFreshness (0.07s)
=== RUN   TestAppIconMasterAppliesAlphaOnce
    appicon_test.go:1159: runs 1902 (leading 951, trailing 951); low-alpha mean 3.172 over 6758, high-alpha mean 2.621 over 6874
--- PASS: TestAppIconMasterAppliesAlphaOnce (0.05s)
=== RUN   TestAppIconSourceRenderIsThePinnedGeometry
--- PASS: TestAppIconSourceRenderIsThePinnedGeometry (0.07s)
FAIL
FAIL	fairdrop	0.584s
FAIL
