=== RUN   TestAppIconMasterGeometry
--- PASS: TestAppIconMasterGeometry (0.05s)
=== RUN   TestAppIconNoOpaqueBackdrop
--- PASS: TestAppIconNoOpaqueBackdrop (0.04s)
=== RUN   TestAppIconCarriesRealColour
--- PASS: TestAppIconCarriesRealColour (0.03s)
=== RUN   TestAppIconEveryIcoEntryCarriesTheArtwork
    appicon_test.go:830: build/windows/icon.ico carries 5 entries, want at least 6 -- a short set would make this loop pass by checking fewer images than the .ico is supposed to hold
--- FAIL: TestAppIconEveryIcoEntryCarriesTheArtwork (0.00s)
=== RUN   TestAppIconIcoCarriesTheFullWailsSizeSet
    appicon_test.go:865: build/windows/icon.ico is missing size(s) [48] from the set {[256 128 64 48 32 16]} Wails passes to winicon.GenerateIcon at packager.go:217 (has [256x256 128x128 64x64 32x32 16x16])
    appicon_test.go:884: build/windows/icon.ico carries 5 entries [256x256 128x128 64x64 32x32 16x16], want exactly the 6-entry set {[256 128 64 48 32 16]} winicon.GenerateIcon emits for the literal at packager.go:217 (unexpected: []) -- an extra entry means this .ico was not produced by that call alone
--- FAIL: TestAppIconIcoCarriesTheFullWailsSizeSet (0.00s)
=== RUN   TestAppIconMasterMatchesIcoFreshness
    appicon_test.go:938: 256x256: distance 0.616 (measured 0.616, bound 0.924)
    appicon_test.go:938: 128x128: distance 1.031 (measured 1.031, bound 1.546)
    appicon_test.go:938: 64x64: distance 1.512 (measured 1.512, bound 2.268)
    appicon_test.go:938: 32x32: distance 2.552 (measured 2.552, bound 3.828)
    appicon_test.go:938: 16x16: distance 4.109 (measured 4.109, bound 6.163)
    appicon_test.go:968: build/windows/icon.ico: the 48x48 entry was never compared against the master
    appicon_test.go:972: build/windows/icon.ico: compared 5 distinct sizes against the master, want 6
--- FAIL: TestAppIconMasterMatchesIcoFreshness (0.06s)
=== RUN   TestAppIconMasterAppliesAlphaOnce
    appicon_test.go:1159: runs 1902 (leading 951, trailing 951); low-alpha mean 3.172 over 6758, high-alpha mean 2.621 over 6874
--- PASS: TestAppIconMasterAppliesAlphaOnce (0.05s)
=== RUN   TestAppIconSourceRenderIsThePinnedGeometry
--- PASS: TestAppIconSourceRenderIsThePinnedGeometry (0.06s)
FAIL
FAIL	fairdrop	0.566s
FAIL
