=== RUN   TestAppIconMasterGeometry
    appicon_test.go:723: build/appicon.png: 1024 contiguous fully-transparent row(s) from the top edge, want <= 40 -- the plaque should fill the canvas but for its centring band, so a band this deep means the artwork is shrunken, inset, or absent (the Wails scaffold placeholder measures 115/97 here and a fully blank canvas 1024/1024, and both passed while this bound was missing)
    appicon_test.go:724: build/appicon.png: 1024 contiguous fully-transparent row(s) from the bottom edge, want <= 40 -- the plaque should fill the canvas but for its centring band, so a band this deep means the artwork is shrunken, inset, or absent (the Wails scaffold placeholder measures 115/97 here and a fully blank canvas 1024/1024, and both passed while this bound was missing)
    appicon_test.go:741: build/appicon.png: 1024 contiguous fully-transparent column(s) from the left edge, want 1-12 -- the plaque spans the canvas's full width, leaving only the erosion's own ~6px margin, so a wider band means the artwork is narrower than it should be and a narrower one means it is being clipped
    appicon_test.go:741: build/appicon.png: 1024 contiguous fully-transparent column(s) from the right edge, want 1-12 -- the plaque spans the canvas's full width, leaving only the erosion's own ~6px margin, so a wider band means the artwork is narrower than it should be and a narrower one means it is being clipped
--- FAIL: TestAppIconMasterGeometry (0.12s)
=== RUN   TestAppIconNoOpaqueBackdrop
--- PASS: TestAppIconNoOpaqueBackdrop (0.04s)
=== RUN   TestAppIconCarriesRealColour
    appicon_test.go:809: build/appicon.png: every pixel in the central 40% is fully transparent, so no colour could be measured -- an invisible icon is not real colour
--- FAIL: TestAppIconCarriesRealColour (0.04s)
=== RUN   TestAppIconEveryIcoEntryCarriesTheArtwork
--- PASS: TestAppIconEveryIcoEntryCarriesTheArtwork (0.00s)
=== RUN   TestAppIconIcoCarriesTheFullWailsSizeSet
--- PASS: TestAppIconIcoCarriesTheFullWailsSizeSet (0.00s)
=== RUN   TestAppIconMasterMatchesIcoFreshness
    appicon_test.go:938: 256x256: distance 101.965 (measured 0.616, bound 0.924)
    appicon_test.go:955: build/appicon.png downsampled to 256x256 differs from build/windows/icon.ico's 256x256 entry by a mean 101.965 per channel (0-255 scale), want <= 0.924 (1.5x the 0.616 these assets measure when they genuinely match) -- the .ico was not generated from this master. If you changed the artwork, delete build/windows/icon.ico and re-run `wails build`: Wails only generates it when absent.
    appicon_test.go:938: 128x128: distance 101.965 (measured 1.031, bound 1.546)
    appicon_test.go:955: build/appicon.png downsampled to 128x128 differs from build/windows/icon.ico's 128x128 entry by a mean 101.965 per channel (0-255 scale), want <= 1.546 (1.5x the 1.031 these assets measure when they genuinely match) -- the .ico was not generated from this master. If you changed the artwork, delete build/windows/icon.ico and re-run `wails build`: Wails only generates it when absent.
    appicon_test.go:938: 64x64: distance 102.065 (measured 1.512, bound 2.268)
    appicon_test.go:955: build/appicon.png downsampled to 64x64 differs from build/windows/icon.ico's 64x64 entry by a mean 102.065 per channel (0-255 scale), want <= 2.268 (1.5x the 1.512 these assets measure when they genuinely match) -- the .ico was not generated from this master. If you changed the artwork, delete build/windows/icon.ico and re-run `wails build`: Wails only generates it when absent.
    appicon_test.go:938: 48x48: distance 102.027 (measured 2.140, bound 3.210)
    appicon_test.go:955: build/appicon.png downsampled to 48x48 differs from build/windows/icon.ico's 48x48 entry by a mean 102.027 per channel (0-255 scale), want <= 3.210 (1.5x the 2.140 these assets measure when they genuinely match) -- the .ico was not generated from this master. If you changed the artwork, delete build/windows/icon.ico and re-run `wails build`: Wails only generates it when absent.
    appicon_test.go:938: 32x32: distance 102.344 (measured 2.552, bound 3.828)
    appicon_test.go:955: build/appicon.png downsampled to 32x32 differs from build/windows/icon.ico's 32x32 entry by a mean 102.344 per channel (0-255 scale), want <= 3.828 (1.5x the 2.552 these assets measure when they genuinely match) -- the .ico was not generated from this master. If you changed the artwork, delete build/windows/icon.ico and re-run `wails build`: Wails only generates it when absent.
    appicon_test.go:938: 16x16: distance 103.284 (measured 4.109, bound 6.163)
    appicon_test.go:955: build/appicon.png downsampled to 16x16 differs from build/windows/icon.ico's 16x16 entry by a mean 103.284 per channel (0-255 scale), want <= 6.163 (1.5x the 4.109 these assets measure when they genuinely match) -- the .ico was not generated from this master. If you changed the artwork, delete build/windows/icon.ico and re-run `wails build`: Wails only generates it when absent.
--- FAIL: TestAppIconMasterMatchesIcoFreshness (0.06s)
=== RUN   TestAppIconMasterAppliesAlphaOnce
    appicon_test.go:1142: build/appicon.png: 0 leading-edge and 0 trailing-edge transition runs, want at least 400 of each -- the master's own edges yield about 951 of each, and a collapse in either direction means half the alpha boundary is going unmeasured, which is exactly the defect this test was rewritten to fix
--- FAIL: TestAppIconMasterAppliesAlphaOnce (0.05s)
=== RUN   TestAppIconSourceRenderIsThePinnedGeometry
--- PASS: TestAppIconSourceRenderIsThePinnedGeometry (0.07s)
FAIL
FAIL	fairdrop	0.640s
FAIL
