[0;92mWails CLI[0m [0;31mv2.15.0[0m


# Build Options

Platform(s)        | darwin/arm64
Compiler           | /opt/homebrew/bin/go
Skip Bindings      | false
Build Mode         | production
Devtools           | false
Frontend Directory | /Users/jaesonmartin/Projects/FairDrop/frontend
Obfuscated         | false
Install Scope      | machine
Skip Frontend      | false
Compress           | false
Package            | true
Clean Bin Dir      | false
LDFlags            |
Tags               | []
Race Detector      | false


# Building target: darwin/arm64

  • Generating bindings: Done.
  • Installing frontend dependencies: Done.
  • Compiling frontend: Done.
  • Compiling application: # fairdrop
ld: warning: object file (/private/var/folders/kh/sg9n272s6lqgyt2yc7jgdvj40000gn/T/go-link-2654989978/go.o) was built for newer 'macOS' version (13.0) than being linked (11.0)
Done.
  • Packaging application: Done.
  • Self-signing application: Done.
Built '/Users/jaesonmartin/Projects/FairDrop/build/bin/fairdrop.app/Contents/MacOS/fairdrop' in 11.551s.

 ♥   If Wails is useful to you or your company, please consider sponsoring the project:
https://github.com/sponsors/leaanthony
